Archive member included to satisfy reference by file (symbol)

/gcc-arm-none-eabi-10-2020-q4-major/bin/../lib/gcc/arm-none-eabi/10.2.1/../../../../arm-none-eabi/lib/thumb/v8-m.main+dp/hard/libstdc++_nano.a(atexit_arm.o)
                              build/./apps/main_functions.o (symbol from plugin) (__aeabi_atexit)
/gcc-arm-none-eabi-10-2020-q4-major/bin/../lib/gcc/arm-none-eabi/10.2.1/../../../../arm-none-eabi/lib/thumb/v8-m.main+dp/hard/libstdc++_nano.a(guard.o)
                              build/./tensorflow/lite/micro/test_helpers.o (symbol from plugin) (__cxa_guard_acquire)
/gcc-arm-none-eabi-10-2020-q4-major/bin/../lib/gcc/arm-none-eabi/10.2.1/../../../../arm-none-eabi/lib/thumb/v8-m.main+dp/hard/libm.a(lib_a-cosf.o)
                              build/./tensorflow/lite/micro/kernels/elementwise.o (symbol from plugin) (cosf)
/gcc-arm-none-eabi-10-2020-q4-major/bin/../lib/gcc/arm-none-eabi/10.2.1/../../../../arm-none-eabi/lib/thumb/v8-m.main+dp/hard/libm.a(lib_a-exp.o)
                              build/./tensorflow/lite/micro/kernels/detection_postprocess.o (symbol from plugin) (exp)
/gcc-arm-none-eabi-10-2020-q4-major/bin/../lib/gcc/arm-none-eabi/10.2.1/../../../../arm-none-eabi/lib/thumb/v8-m.main+dp/hard/libm.a(lib_a-exp_data.o)
                              /gcc-arm-none-eabi-10-2020-q4-major/bin/../lib/gcc/arm-none-eabi/10.2.1/../../../../arm-none-eabi/lib/thumb/v8-m.main+dp/hard/libm.a(lib_a-exp.o) (__exp_data)
/gcc-arm-none-eabi-10-2020-q4-major/bin/../lib/gcc/arm-none-eabi/10.2.1/../../../../arm-none-eabi/lib/thumb/v8-m.main+dp/hard/libm.a(lib_a-math_err.o)
                              /gcc-arm-none-eabi-10-2020-q4-major/bin/../lib/gcc/arm-none-eabi/10.2.1/../../../../arm-none-eabi/lib/thumb/v8-m.main+dp/hard/libm.a(lib_a-exp.o) (__math_uflow)
/gcc-arm-none-eabi-10-2020-q4-major/bin/../lib/gcc/arm-none-eabi/10.2.1/../../../../arm-none-eabi/lib/thumb/v8-m.main+dp/hard/libm.a(lib_a-math_errf.o)
                              /gcc-arm-none-eabi-10-2020-q4-major/bin/../lib/gcc/arm-none-eabi/10.2.1/../../../../arm-none-eabi/lib/thumb/v8-m.main+dp/hard/libm.a(lib_a-cosf.o) (__math_invalidf)
/gcc-arm-none-eabi-10-2020-q4-major/bin/../lib/gcc/arm-none-eabi/10.2.1/../../../../arm-none-eabi/lib/thumb/v8-m.main+dp/hard/libm.a(lib_a-pow.o)
                              build/./tensorflow/lite/kernels/internal/reference/portable_tensor_utils.o (symbol from plugin) (pow)
/gcc-arm-none-eabi-10-2020-q4-major/bin/../lib/gcc/arm-none-eabi/10.2.1/../../../../arm-none-eabi/lib/thumb/v8-m.main+dp/hard/libm.a(lib_a-pow_log_data.o)
                              /gcc-arm-none-eabi-10-2020-q4-major/bin/../lib/gcc/arm-none-eabi/10.2.1/../../../../arm-none-eabi/lib/thumb/v8-m.main+dp/hard/libm.a(lib_a-pow.o) (__pow_log_data)
/gcc-arm-none-eabi-10-2020-q4-major/bin/../lib/gcc/arm-none-eabi/10.2.1/../../../../arm-none-eabi/lib/thumb/v8-m.main+dp/hard/libm.a(lib_a-s_floor.o)
                              build/./tensorflow/lite/kernels/internal/quantization_util.o (symbol from plugin) (floor)
/gcc-arm-none-eabi-10-2020-q4-major/bin/../lib/gcc/arm-none-eabi/10.2.1/../../../../arm-none-eabi/lib/thumb/v8-m.main+dp/hard/libm.a(lib_a-s_frexp.o)
                              build/./tensorflow/lite/kernels/internal/quantization_util.o (symbol from plugin) (frexp)
/gcc-arm-none-eabi-10-2020-q4-major/bin/../lib/gcc/arm-none-eabi/10.2.1/../../../../arm-none-eabi/lib/thumb/v8-m.main+dp/hard/libm.a(lib_a-s_round.o)
                              build/./tensorflow/lite/kernels/internal/quantization_util.o (symbol from plugin) (round)
/gcc-arm-none-eabi-10-2020-q4-major/bin/../lib/gcc/arm-none-eabi/10.2.1/../../../../arm-none-eabi/lib/thumb/v8-m.main+dp/hard/libm.a(lib_a-sf_ceil.o)
                              build/./tensorflow/lite/micro/kernels/ceil.o (symbol from plugin) (ceilf)
/gcc-arm-none-eabi-10-2020-q4-major/bin/../lib/gcc/arm-none-eabi/10.2.1/../../../../arm-none-eabi/lib/thumb/v8-m.main+dp/hard/libm.a(lib_a-sf_exp.o)
                              build/./tensorflow/lite/kernels/internal/reference/portable_tensor_utils.o (symbol from plugin) (expf)
/gcc-arm-none-eabi-10-2020-q4-major/bin/../lib/gcc/arm-none-eabi/10.2.1/../../../../arm-none-eabi/lib/thumb/v8-m.main+dp/hard/libm.a(lib_a-sf_exp2_data.o)
                              /gcc-arm-none-eabi-10-2020-q4-major/bin/../lib/gcc/arm-none-eabi/10.2.1/../../../../arm-none-eabi/lib/thumb/v8-m.main+dp/hard/libm.a(lib_a-sf_exp.o) (__exp2f_data)
/gcc-arm-none-eabi-10-2020-q4-major/bin/../lib/gcc/arm-none-eabi/10.2.1/../../../../arm-none-eabi/lib/thumb/v8-m.main+dp/hard/libm.a(lib_a-sf_expm1.o)
                              build/./tensorflow/lite/micro/kernels/elu.o (symbol from plugin) (expm1f)
/gcc-arm-none-eabi-10-2020-q4-major/bin/../lib/gcc/arm-none-eabi/10.2.1/../../../../arm-none-eabi/lib/thumb/v8-m.main+dp/hard/libm.a(lib_a-sf_floor.o)
                              build/./tensorflow/lite/micro/kernels/floor.o (symbol from plugin) (floorf)
[...]
Memory Configuration

Name             Origin             Length             Attributes
FLASH            0x0000000000000000 0x0000000000400000 xr
RAM              0x0000000020000000 0x0000000000400000 xrw
*default*        0x0000000000000000 0xffffffffffffffff

Linker script and memory map

LOAD /gcc-arm-none-eabi-10-2020-q4-major/bin/../lib/gcc/arm-none-eabi/10.2.1/thumb/v8-m.main+dp/hard/crti.o
LOAD /gcc-arm-none-eabi-10-2020-q4-major/bin/../lib/gcc/arm-none-eabi/10.2.1/thumb/v8-m.main+dp/hard/crtbegin.o
LOAD /gcc-arm-none-eabi-10-2020-q4-major/bin/../lib/gcc/arm-none-eabi/10.2.1/../../../../arm-none-eabi/lib/thumb/v8-m.main+dp/hard/crt0.o
LOAD build/third_party/cmsis/CMSIS/NN/Source/ActivationFunctions/arm_nn_activations_q15.o
LOAD /tmp/main.elf.DUPdI9.ltrans0.ltrans.o
LOAD /tmp/main.elf.DUPdI9.ltrans1.ltrans.o
LOAD /tmp/main.elf.DUPdI9.ltrans2.ltrans.o
LOAD /tmp/main.elf.DUPdI9.ltrans3.ltrans.o
LOAD /tmp/main.elf.DUPdI9.ltrans4.ltrans.o
LOAD /tmp/main.elf.DUPdI9.ltrans5.ltrans.o
LOAD /tmp/main.elf.DUPdI9.ltrans6.ltrans.o
LOAD /tmp/main.elf.DUPdI9.ltrans7.ltrans.o
LOAD build/third_party/cmsis/CMSIS/NN/Source/ActivationFunctions/arm_nn_activations_q7.o
LOAD build/third_party/cmsis/CMSIS/NN/Source/ActivationFunctions/arm_relu6_s8.o
LOAD build/third_party/cmsis/CMSIS/NN/Source/ActivationFunctions/arm_relu_q15.o
LOAD build/third_party/cmsis/CMSIS/NN/Source/ActivationFunctions/arm_relu_q7.o
LOAD build/third_party/cmsis/CMSIS/NN/Source/BasicMathFunctions/arm_elementwise_add_s8.o
LOAD build/third_party/cmsis/CMSIS/NN/Source/BasicMathFunctions/arm_elementwise_mul_s8.o
LOAD build/third_party/cmsis/CMSIS/NN/Source/ConcatenationFunctions/arm_concatenation_s8_w.o
LOAD build/third_party/cmsis/CMSIS/NN/Source/ConcatenationFunctions/arm_concatenation_s8_x.o
LOAD build/third_party/cmsis/CMSIS/NN/Source/ConcatenationFunctions/arm_concatenation_s8_y.o
LOAD build/third_party/cmsis/CMSIS/NN/Source/ConcatenationFunctions/arm_concatenation_s8_z.o
LOAD build/third_party/cmsis/CMSIS/NN/Source/ConvolutionFunctions/arm_convolve_1x1_HWC_q7_fast_nonsquare.o
LOAD build/third_party/cmsis/CMSIS/NN/Source/ConvolutionFunctions/arm_convolve_1x1_s8_fast.o
LOAD build/third_party/cmsis/CMSIS/NN/Source/ConvolutionFunctions/arm_convolve_1_x_n_s8.o
LOAD build/third_party/cmsis/CMSIS/NN/Source/ConvolutionFunctions/arm_convolve_fast_s16.o
LOAD build/third_party/cmsis/CMSIS/NN/Source/ConvolutionFunctions/arm_convolve_HWC_q15_basic.o
LOAD build/third_party/cmsis/CMSIS/NN/Source/ConvolutionFunctions/arm_convolve_HWC_q15_fast.o
LOAD build/third_party/cmsis/CMSIS/NN/Source/ConvolutionFunctions/arm_convolve_HWC_q15_fast_nonsquare.o
LOAD build/third_party/cmsis/CMSIS/NN/Source/ConvolutionFunctions/arm_convolve_HWC_q7_basic.o
LOAD build/third_party/cmsis/CMSIS/NN/Source/ConvolutionFunctions/arm_convolve_HWC_q7_basic_nonsquare.o
LOAD build/third_party/cmsis/CMSIS/NN/Source/ConvolutionFunctions/arm_convolve_HWC_q7_fast.o
LOAD build/third_party/cmsis/CMSIS/NN/Source/ConvolutionFunctions/arm_convolve_HWC_q7_fast_nonsquare.o
LOAD build/third_party/cmsis/CMSIS/NN/Source/ConvolutionFunctions/arm_convolve_HWC_q7_RGB.o
LOAD build/third_party/cmsis/CMSIS/NN/Source/ConvolutionFunctions/arm_convolve_s16.o
LOAD build/third_party/cmsis/CMSIS/NN/Source/ConvolutionFunctions/arm_convolve_s8.o
LOAD build/third_party/cmsis/CMSIS/NN/Source/ConvolutionFunctions/arm_convolve_wrapper_s16.o
LOAD build/third_party/cmsis/CMSIS/NN/Source/ConvolutionFunctions/arm_convolve_wrapper_s8.o
LOAD build/third_party/cmsis/CMSIS/NN/Source/ConvolutionFunctions/arm_depthwise_conv_3x3_s8.o
LOAD build/third_party/cmsis/CMSIS/NN/Source/ConvolutionFunctions/arm_depthwise_conv_s8.o
LOAD build/third_party/cmsis/CMSIS/NN/Source/ConvolutionFunctions/arm_depthwise_conv_s8_opt.o
LOAD build/third_party/cmsis/CMSIS/NN/Source/ConvolutionFunctions/arm_depthwise_conv_u8_basic_ver1.o
LOAD build/third_party/cmsis/CMSIS/NN/Source/ConvolutionFunctions/arm_depthwise_conv_wrapper_s8.o
LOAD build/third_party/cmsis/CMSIS/NN/Source/ConvolutionFunctions/arm_depthwise_separable_conv_HWC_q7.o
LOAD build/third_party/cmsis/CMSIS/NN/Source/ConvolutionFunctions/arm_depthwise_separable_conv_HWC_q7_nonsquare.o
LOAD build/third_party/cmsis/CMSIS/NN/Source/ConvolutionFunctions/arm_nn_depthwise_conv_s8_core.o
LOAD build/third_party/cmsis/CMSIS/NN/Source/ConvolutionFunctions/arm_nn_mat_mult_kernel_q7_q15.o
LOAD build/third_party/cmsis/CMSIS/NN/Source/ConvolutionFunctions/arm_nn_mat_mult_kernel_q7_q15_reordered.o
LOAD build/third_party/cmsis/CMSIS/NN/Source/ConvolutionFunctions/arm_nn_mat_mult_kernel_s8_s16.o
LOAD build/third_party/cmsis/CMSIS/NN/Source/ConvolutionFunctions/arm_nn_mat_mult_kernel_s8_s16_reordered.o
LOAD build/third_party/cmsis/CMSIS/NN/Source/ConvolutionFunctions/arm_nn_mat_mult_s8.o
LOAD build/third_party/cmsis/CMSIS/NN/Source/FullyConnectedFunctions/arm_fully_connected_mat_q7_vec_q15.o
LOAD build/third_party/cmsis/CMSIS/NN/Source/FullyConnectedFunctions/arm_fully_connected_mat_q7_vec_q15_opt.o
LOAD build/third_party/cmsis/CMSIS/NN/Source/FullyConnectedFunctions/arm_fully_connected_q15.o
LOAD build/third_party/cmsis/CMSIS/NN/Source/FullyConnectedFunctions/arm_fully_connected_q15_opt.o
LOAD build/third_party/cmsis/CMSIS/NN/Source/FullyConnectedFunctions/arm_fully_connected_q7.o
LOAD build/third_party/cmsis/CMSIS/NN/Source/FullyConnectedFunctions/arm_fully_connected_q7_opt.o
LOAD build/third_party/cmsis/CMSIS/NN/Source/FullyConnectedFunctions/arm_fully_connected_s16.o
LOAD build/third_party/cmsis/CMSIS/NN/Source/FullyConnectedFunctions/arm_fully_connected_s8.o
LOAD build/third_party/cmsis/CMSIS/NN/Source/NNSupportFunctions/arm_nntables.o
LOAD build/third_party/cmsis/CMSIS/NN/Source/NNSupportFunctions/arm_nn_accumulate_q7_to_q15.o
LOAD build/third_party/cmsis/CMSIS/NN/Source/NNSupportFunctions/arm_nn_add_q7.o
LOAD build/third_party/cmsis/CMSIS/NN/Source/NNSupportFunctions/arm_nn_depthwise_conv_nt_t_padded_s8.o
LOAD build/third_party/cmsis/CMSIS/NN/Source/NNSupportFunctions/arm_nn_depthwise_conv_nt_t_s8.o
LOAD build/third_party/cmsis/CMSIS/NN/Source/NNSupportFunctions/arm_nn_mat_mult_nt_t_s8.o
LOAD build/third_party/cmsis/CMSIS/NN/Source/NNSupportFunctions/arm_nn_mat_mul_core_1x_s8.o
LOAD build/third_party/cmsis/CMSIS/NN/Source/NNSupportFunctions/arm_nn_mat_mul_core_4x_s8.o
LOAD build/third_party/cmsis/CMSIS/NN/Source/NNSupportFunctions/arm_nn_mat_mul_kernel_s16.o
LOAD build/third_party/cmsis/CMSIS/NN/Source/NNSupportFunctions/arm_nn_mult_q15.o
LOAD build/third_party/cmsis/CMSIS/NN/Source/NNSupportFunctions/arm_nn_mult_q7.o
LOAD build/third_party/cmsis/CMSIS/NN/Source/NNSupportFunctions/arm_nn_vec_mat_mult_t_s16.o
LOAD build/third_party/cmsis/CMSIS/NN/Source/NNSupportFunctions/arm_nn_vec_mat_mult_t_s8.o
LOAD build/third_party/cmsis/CMSIS/NN/Source/NNSupportFunctions/arm_nn_vec_mat_mult_t_svdf_s8.o
LOAD build/third_party/cmsis/CMSIS/NN/Source/NNSupportFunctions/arm_q7_to_q15_no_shift.o
LOAD build/third_party/cmsis/CMSIS/NN/Source/NNSupportFunctions/arm_q7_to_q15_reordered_no_shift.o
LOAD build/third_party/cmsis/CMSIS/NN/Source/NNSupportFunctions/arm_q7_to_q15_reordered_with_offset.o
LOAD build/third_party/cmsis/CMSIS/NN/Source/NNSupportFunctions/arm_q7_to_q15_with_offset.o
LOAD build/third_party/cmsis/CMSIS/NN/Source/PoolingFunctions/arm_avgpool_s8.o
LOAD build/third_party/cmsis/CMSIS/NN/Source/PoolingFunctions/arm_max_pool_s8.o
LOAD build/third_party/cmsis/CMSIS/NN/Source/PoolingFunctions/arm_pool_q7_HWC.o
LOAD build/third_party/cmsis/CMSIS/NN/Source/ReshapeFunctions/arm_reshape_s8.o
LOAD build/third_party/cmsis/CMSIS/NN/Source/SoftmaxFunctions/arm_softmax_q15.o
LOAD build/third_party/cmsis/CMSIS/NN/Source/SoftmaxFunctions/arm_softmax_q7.o
LOAD build/third_party/cmsis/CMSIS/NN/Source/SoftmaxFunctions/arm_softmax_s8.o
LOAD build/third_party/cmsis/CMSIS/NN/Source/SoftmaxFunctions/arm_softmax_u8.o
LOAD build/third_party/cmsis/CMSIS/NN/Source/SoftmaxFunctions/arm_softmax_with_batch_q7.o
LOAD build/third_party/cmsis/CMSIS/NN/Source/SVDFunctions/arm_svdf_s8.o
LOAD build/tensorflow/lite/c/common.o
LOAD build/third_party/cmsis/Device/ARM/ARMCM55/Source/startup_ARMCM55.o
LOAD build/third_party/cmsis/Device/ARM/ARMCM55/Source/system_ARMCM55.o
LOAD build/./sparse_kernels/Source/sparse_convolve_s8.o
LOAD build/./sparse_kernels/Source/sparse_convolve_wrapper_s8.o
LOAD build/./sparse_kernels/Source/sparse_nn_mat_mult_s8.o
LOAD build/./sparse_kernels/Source/sparse_nn_mat_mul_core_4x_s8.o
LOAD build/./apps/retarget.o
LOAD build/./apps/uart.o
LOAD build/./tensorflow/lite/core/api/error_reporter.o
LOAD build/./tensorflow/lite/core/api/flatbuffer_conversions.o
LOAD build/./tensorflow/lite/core/api/op_resolver.o
LOAD build/./tensorflow/lite/core/api/tensor_utils.o
LOAD build/./tensorflow/lite/kernels/internal/quantization_util.o
LOAD build/./tensorflow/lite/kernels/internal/reference/portable_tensor_utils.o
LOAD build/./tensorflow/lite/kernels/kernel_util.o
LOAD build/./tensorflow/lite/micro/all_ops_resolver.o
LOAD build/./tensorflow/lite/micro/cortex_m_corstone_300/micro_time.o
LOAD build/./tensorflow/lite/micro/cortex_m_corstone_300/system_setup.o
LOAD build/./tensorflow/lite/micro/debug_log.o
LOAD build/./tensorflow/lite/micro/fake_micro_context.o
LOAD build/./tensorflow/lite/micro/flatbuffer_utils.o
LOAD build/./tensorflow/lite/micro/kernels/activations.o
LOAD build/./tensorflow/lite/micro/kernels/activations_common.o
LOAD build/./tensorflow/lite/micro/kernels/add_common.o
LOAD build/./tensorflow/lite/micro/kernels/add_n.o
LOAD build/./tensorflow/lite/micro/kernels/arg_min_max.o
LOAD build/./tensorflow/lite/micro/kernels/assign_variable.o
LOAD build/./tensorflow/lite/micro/kernels/batch_to_space_nd.o
LOAD build/./tensorflow/lite/micro/kernels/broadcast_args.o
LOAD build/./tensorflow/lite/micro/kernels/broadcast_to.o
LOAD build/./tensorflow/lite/micro/kernels/call_once.o
LOAD build/./tensorflow/lite/micro/kernels/cast.o
LOAD build/./tensorflow/lite/micro/kernels/ceil.o
LOAD build/./tensorflow/lite/micro/kernels/circular_buffer.o
LOAD build/./tensorflow/lite/micro/kernels/circular_buffer_common.o
LOAD build/./tensorflow/lite/micro/kernels/cmsis_nn/add.o
LOAD build/./tensorflow/lite/micro/kernels/cmsis_nn/conv.o
LOAD build/./tensorflow/lite/micro/kernels/cmsis_nn/depthwise_conv.o
LOAD build/./tensorflow/lite/micro/kernels/cmsis_nn/fully_connected.o
LOAD build/./tensorflow/lite/micro/kernels/cmsis_nn/mul.o
LOAD build/./tensorflow/lite/micro/kernels/cmsis_nn/pooling.o
LOAD build/./tensorflow/lite/micro/kernels/cmsis_nn/softmax.o
LOAD build/./tensorflow/lite/micro/kernels/cmsis_nn/svdf.o
LOAD build/./tensorflow/lite/micro/kernels/comparisons.o
LOAD build/./tensorflow/lite/micro/kernels/concatenation.o
LOAD build/./tensorflow/lite/micro/kernels/conv_common.o
LOAD build/./tensorflow/lite/micro/kernels/cumsum.o
LOAD build/./tensorflow/lite/micro/kernels/depthwise_conv_common.o
LOAD build/./tensorflow/lite/micro/kernels/depth_to_space.o
LOAD build/./tensorflow/lite/micro/kernels/dequantize.o
LOAD build/./tensorflow/lite/micro/kernels/dequantize_common.o
LOAD build/./tensorflow/lite/micro/kernels/detection_postprocess.o
LOAD build/./tensorflow/lite/micro/kernels/elementwise.o
LOAD build/./tensorflow/lite/micro/kernels/elu.o
LOAD build/./tensorflow/lite/micro/kernels/ethosu.o
LOAD build/./tensorflow/lite/micro/kernels/exp.o
LOAD build/./tensorflow/lite/micro/kernels/expand_dims.o
LOAD build/./tensorflow/lite/micro/kernels/fill.o
LOAD build/./tensorflow/lite/micro/kernels/floor.o
LOAD build/./tensorflow/lite/micro/kernels/floor_div.o
LOAD build/./tensorflow/lite/micro/kernels/floor_mod.o
LOAD build/./tensorflow/lite/micro/kernels/fully_connected_common.o
LOAD build/./tensorflow/lite/micro/kernels/gather.o
LOAD build/./tensorflow/lite/micro/kernels/gather_nd.o
LOAD build/./tensorflow/lite/micro/kernels/hard_swish.o
LOAD build/./tensorflow/lite/micro/kernels/hard_swish_common.o
LOAD build/./tensorflow/lite/micro/kernels/if.o
LOAD build/./tensorflow/lite/micro/kernels/kernel_runner.o
LOAD build/./tensorflow/lite/micro/kernels/kernel_util.o
LOAD build/./tensorflow/lite/micro/kernels/l2norm.o
LOAD build/./tensorflow/lite/micro/kernels/l2_pool_2d.o
LOAD build/./tensorflow/lite/micro/kernels/leaky_relu.o
LOAD build/./tensorflow/lite/micro/kernels/leaky_relu_common.o
LOAD build/./tensorflow/lite/micro/kernels/logical.o
LOAD build/./tensorflow/lite/micro/kernels/logical_common.o
LOAD build/./tensorflow/lite/micro/kernels/logistic.o
LOAD build/./tensorflow/lite/micro/kernels/logistic_common.o
LOAD build/./tensorflow/lite/micro/kernels/log_softmax.o
LOAD build/./tensorflow/lite/micro/kernels/maximum_minimum.o
LOAD build/./tensorflow/lite/micro/kernels/mirror_pad.o
LOAD build/./tensorflow/lite/micro/kernels/mul_common.o
LOAD build/./tensorflow/lite/micro/kernels/neg.o
LOAD build/./tensorflow/lite/micro/kernels/pack.o
LOAD build/./tensorflow/lite/micro/kernels/pad.o
LOAD build/./tensorflow/lite/micro/kernels/pooling_common.o
LOAD build/./tensorflow/lite/micro/kernels/prelu.o
LOAD build/./tensorflow/lite/micro/kernels/prelu_common.o
LOAD build/./tensorflow/lite/micro/kernels/quantize.o
LOAD build/./tensorflow/lite/micro/kernels/quantize_common.o
LOAD build/./tensorflow/lite/micro/kernels/read_variable.o
LOAD build/./tensorflow/lite/micro/kernels/reduce.o
LOAD build/./tensorflow/lite/micro/kernels/reshape.o
LOAD build/./tensorflow/lite/micro/kernels/resize_bilinear.o
LOAD build/./tensorflow/lite/micro/kernels/resize_nearest_neighbor.o
LOAD build/./tensorflow/lite/micro/kernels/round.o
LOAD build/./tensorflow/lite/micro/kernels/shape.o
LOAD build/./tensorflow/lite/micro/kernels/slice.o
LOAD build/./tensorflow/lite/micro/kernels/softmax_common.o
LOAD build/./tensorflow/lite/micro/kernels/space_to_batch_nd.o
LOAD build/./tensorflow/lite/micro/kernels/space_to_depth.o
LOAD build/./tensorflow/lite/micro/kernels/split.o
LOAD build/./tensorflow/lite/micro/kernels/split_v.o
LOAD build/./tensorflow/lite/micro/kernels/squeeze.o
LOAD build/./tensorflow/lite/micro/kernels/strided_slice.o
LOAD build/./tensorflow/lite/micro/kernels/sub.o
LOAD build/./tensorflow/lite/micro/kernels/sub_common.o
LOAD build/./tensorflow/lite/micro/kernels/svdf_common.o
LOAD build/./tensorflow/lite/micro/kernels/tanh.o
LOAD build/./tensorflow/lite/micro/kernels/transpose.o
LOAD build/./tensorflow/lite/micro/kernels/transpose_conv.o
LOAD build/./tensorflow/lite/micro/kernels/unpack.o
LOAD build/./tensorflow/lite/micro/kernels/var_handle.o
LOAD build/./tensorflow/lite/micro/kernels/while.o
LOAD build/./tensorflow/lite/micro/kernels/zeros_like.o
LOAD build/./tensorflow/lite/micro/memory_helpers.o
LOAD build/./tensorflow/lite/micro/memory_planner/greedy_memory_planner.o
LOAD build/./tensorflow/lite/micro/memory_planner/linear_memory_planner.o
LOAD build/./tensorflow/lite/micro/memory_planner/non_persistent_buffer_planner_shim.o
LOAD build/./tensorflow/lite/micro/micro_allocation_info.o
LOAD build/./tensorflow/lite/micro/micro_allocator.o
LOAD build/./tensorflow/lite/micro/micro_context.o
LOAD build/./tensorflow/lite/micro/micro_error_reporter.o
LOAD build/./tensorflow/lite/micro/micro_graph.o
LOAD build/./tensorflow/lite/micro/micro_interpreter.o
LOAD build/./tensorflow/lite/micro/micro_profiler.o
LOAD build/./tensorflow/lite/micro/micro_resource_variable.o
LOAD build/./tensorflow/lite/micro/micro_string.o
LOAD build/./tensorflow/lite/micro/micro_utils.o
LOAD build/./tensorflow/lite/micro/mock_micro_graph.o
LOAD build/./tensorflow/lite/micro/recording_micro_allocator.o
LOAD build/./tensorflow/lite/micro/recording_simple_memory_allocator.o
LOAD build/./tensorflow/lite/micro/simple_memory_allocator.o
LOAD build/./tensorflow/lite/micro/test_helpers.o
LOAD build/./tensorflow/lite/micro/test_helper_custom_ops.o
LOAD build/./tensorflow/lite/schema/schema_utils.o
LOAD build/./apps/main.o
LOAD build/./apps/main_functions.o
LOAD build/./apps/output_handler.o
LOAD /gcc-arm-none-eabi-10-2020-q4-major/bin/../lib/gcc/arm-none-eabi/10.2.1/../../../../arm-none-eabi/lib/thumb/v8-m.main+dp/hard/libnosys.a
LOAD /gcc-arm-none-eabi-10-2020-q4-major/bin/../lib/gcc/arm-none-eabi/10.2.1/../../../../arm-none-eabi/lib/thumb/v8-m.main+dp/hard/libstdc++_nano.a
LOAD /gcc-arm-none-eabi-10-2020-q4-major/bin/../lib/gcc/arm-none-eabi/10.2.1/../../../../arm-none-eabi/lib/thumb/v8-m.main+dp/hard/libm.a
START GROUP
LOAD /gcc-arm-none-eabi-10-2020-q4-major/bin/../lib/gcc/arm-none-eabi/10.2.1/thumb/v8-m.main+dp/hard/libgcc.a
LOAD /gcc-arm-none-eabi-10-2020-q4-major/bin/../lib/gcc/arm-none-eabi/10.2.1/../../../../arm-none-eabi/lib/thumb/v8-m.main+dp/hard/libg_nano.a
LOAD /gcc-arm-none-eabi-10-2020-q4-major/bin/../lib/gcc/arm-none-eabi/10.2.1/../../../../arm-none-eabi/lib/thumb/v8-m.main+dp/hard/libc_nano.a
END GROUP
START GROUP
LOAD /gcc-arm-none-eabi-10-2020-q4-major/bin/../lib/gcc/arm-none-eabi/10.2.1/thumb/v8-m.main+dp/hard/libgcc.a
LOAD /gcc-arm-none-eabi-10-2020-q4-major/bin/../lib/gcc/arm-none-eabi/10.2.1/../../../../arm-none-eabi/lib/thumb/v8-m.main+dp/hard/libc_nano.a
LOAD /gcc-arm-none-eabi-10-2020-q4-major/bin/../lib/gcc/arm-none-eabi/10.2.1/../../../../arm-none-eabi/lib/thumb/v8-m.main+dp/hard/libnosys.a
END GROUP
START GROUP
LOAD /gcc-arm-none-eabi-10-2020-q4-major/bin/../lib/gcc/arm-none-eabi/10.2.1/thumb/v8-m.main+dp/hard/libgcc.a
LOAD /gcc-arm-none-eabi-10-2020-q4-major/bin/../lib/gcc/arm-none-eabi/10.2.1/../../../../arm-none-eabi/lib/thumb/v8-m.main+dp/hard/libc_nano.a
LOAD /gcc-arm-none-eabi-10-2020-q4-major/bin/../lib/gcc/arm-none-eabi/10.2.1/../../../../arm-none-eabi/lib/thumb/v8-m.main+dp/hard/libnosys.a
END GROUP
LOAD /gcc-arm-none-eabi-10-2020-q4-major/bin/../lib/gcc/arm-none-eabi/10.2.1/thumb/v8-m.main+dp/hard/crtend.o
LOAD /gcc-arm-none-eabi-10-2020-q4-major/bin/../lib/gcc/arm-none-eabi/10.2.1/thumb/v8-m.main+dp/hard/crtn.o
                0x0000000000000000                __ROM_BASE = 0x0
                0x0000000000400000                __ROM_SIZE = 0x400000
                0x0000000020000000                __RAM_BASE = 0x20000000
                0x0000000000400000                __RAM_SIZE = 0x400000
                0x0000000000001000                __STACK_SIZE = 0x1000
                0x0000000000001000                __HEAP_SIZE = 0x1000

.text           0x0000000000000000    0x984f8
 *(.vectors)
 .vectors       0x0000000000000000      0x7c0 /tmp/main.elf.DUPdI9.ltrans0.ltrans.o
                0x0000000000000000                __Vectors
 *(.text*)
 .text          0x00000000000007c0       0x40 /gcc-arm-none-eabi-10-2020-q4-major/bin/../lib/gcc/arm-none-eabi/10.2.1/thumb/v8-m.main+dp/hard/crtbegin.o
 .text          0x0000000000000800       0x7c /gcc-arm-none-eabi-10-2020-q4-major/bin/../lib/gcc/arm-none-eabi/10.2.1/../../../../arm-none-eabi/lib/thumb/v8-m.main+dp/hard/crt0.o
                0x0000000000000800                _stack_init
                0x0000000000000808                _mainCRTStartup
                0x0000000000000808                _start
 *fill*         0x000000000000087c        0x4 
 .text          0x0000000000000880     0x76f4 /tmp/main.elf.DUPdI9.ltrans0.ltrans.o
                0x00000000000008e8                tflite::ParseAbs(tflite::Operator const*, tflite::ErrorReporter*, tflite::BuiltinDataAllocator*, void**)
                0x00000000000008ec                tflite::ParseAddN(tflite::Operator const*, tflite::ErrorReporter*, tflite::BuiltinDataAllocator*, void**)
                0x00000000000008f0                tflite::ParseAssignVariable(tflite::Operator const*, tflite::ErrorReporter*, tflite::BuiltinDataAllocator*, void**)
                0x00000000000008f4                tflite::ParseBatchToSpaceNd(tflite::Operator const*, tflite::ErrorReporter*, tflite::BuiltinDataAllocator*, void**)
                0x00000000000008f8                tflite::ParseBroadcastTo(tflite::Operator const*, tflite::ErrorReporter*, tflite::BuiltinDataAllocator*, void**)
                0x00000000000008fc                tflite::ParseCeil(tflite::Operator const*, tflite::ErrorReporter*, tflite::BuiltinDataAllocator*, void**)
                0x0000000000000900                tflite::ParseCos(tflite::Operator const*, tflite::ErrorReporter*, tflite::BuiltinDataAllocator*, void**)
                0x0000000000000904                tflite::ParseDequantize(tflite::Operator const*, tflite::ErrorReporter*, tflite::BuiltinDataAllocator*, void**)
                0x0000000000000908                tflite::ParseElu(tflite::Operator const*, tflite::ErrorReporter*, tflite::BuiltinDataAllocator*, void**)
                0x000000000000090c                tflite::ParseEqual(tflite::Operator const*, tflite::ErrorReporter*, tflite::BuiltinDataAllocator*, void**)
                0x0000000000000910                tflite::ParseExp(tflite::Operator const*, tflite::ErrorReporter*, tflite::BuiltinDataAllocator*, void**)
                0x0000000000000914                tflite::ParseExpandDims(tflite::Operator const*, tflite::ErrorReporter*, tflite::BuiltinDataAllocator*, void**)
                0x0000000000000918                tflite::ParseFill(tflite::Operator const*, tflite::ErrorReporter*, tflite::BuiltinDataAllocator*, void**)
                0x000000000000091c                tflite::ParseFloor(tflite::Operator const*, tflite::ErrorReporter*, tflite::BuiltinDataAllocator*, void**)
                0x0000000000000920                tflite::ParseFloorDiv(tflite::Operator const*, tflite::ErrorReporter*, tflite::BuiltinDataAllocator*, void**)
                0x0000000000000924                tflite::ParseFloorMod(tflite::Operator const*, tflite::ErrorReporter*, tflite::BuiltinDataAllocator*, void**)
                0x0000000000000928                tflite::ParseGatherNd(tflite::Operator const*, tflite::ErrorReporter*, tflite::BuiltinDataAllocator*, void**)
                0x000000000000092c                tflite::ParseGreater(tflite::Operator const*, tflite::ErrorReporter*, tflite::BuiltinDataAllocator*, void**)
                0x0000000000000930                tflite::ParseGreaterEqual(tflite::Operator const*, tflite::ErrorReporter*, tflite::BuiltinDataAllocator*, void**)
                0x0000000000000934                tflite::ParseHardSwish(tflite::Operator const*, tflite::ErrorReporter*, tflite::BuiltinDataAllocator*, void**)
                0x0000000000000938                tflite::ParseLess(tflite::Operator const*, tflite::ErrorReporter*, tflite::BuiltinDataAllocator*, void**)
                0x000000000000093c                tflite::ParseLessEqual(tflite::Operator const*, tflite::ErrorReporter*, tflite::BuiltinDataAllocator*, void**)
                0x0000000000000940                tflite::ParseLog(tflite::Operator const*, tflite::ErrorReporter*, tflite::BuiltinDataAllocator*, void**)
                0x0000000000000944                tflite::ParseLogicalAnd(tflite::Operator const*, tflite::ErrorReporter*, tflite::BuiltinDataAllocator*, void**)
                0x0000000000000948                tflite::ParseLogicalNot(tflite::Operator const*, tflite::ErrorReporter*, tflite::BuiltinDataAllocator*, void**)
                0x000000000000094c                tflite::ParseLogicalOr(tflite::Operator const*, tflite::ErrorReporter*, tflite::BuiltinDataAllocator*, void**)
                0x0000000000000950                tflite::ParseLogistic(tflite::Operator const*, tflite::ErrorReporter*, tflite::BuiltinDataAllocator*, void**)
                0x0000000000000954                tflite::ParseMaximum(tflite::Operator const*, tflite::ErrorReporter*, tflite::BuiltinDataAllocator*, void**)
                0x0000000000000958                tflite::ParseMinimum(tflite::Operator const*, tflite::ErrorReporter*, tflite::BuiltinDataAllocator*, void**)
                0x000000000000095c                tflite::ParseNeg(tflite::Operator const*, tflite::ErrorReporter*, tflite::BuiltinDataAllocator*, void**)
                0x0000000000000960                tflite::ParseNotEqual(tflite::Operator const*, tflite::ErrorReporter*, tflite::BuiltinDataAllocator*, void**)
                0x0000000000000964                tflite::ParsePad(tflite::Operator const*, tflite::ErrorReporter*, tflite::BuiltinDataAllocator*, void**)
                0x0000000000000968                tflite::ParsePadV2(tflite::Operator const*, tflite::ErrorReporter*, tflite::BuiltinDataAllocator*, void**)
                0x000000000000096c                tflite::ParsePrelu(tflite::Operator const*, tflite::ErrorReporter*, tflite::BuiltinDataAllocator*, void**)
                0x0000000000000970                tflite::ParseQuantize(tflite::Operator const*, tflite::ErrorReporter*, tflite::BuiltinDataAllocator*, void**)
                0x0000000000000974                tflite::ParseReadVariable(tflite::Operator const*, tflite::ErrorReporter*, tflite::BuiltinDataAllocator*, void**)
                0x0000000000000978                tflite::ParseRelu(tflite::Operator const*, tflite::ErrorReporter*, tflite::BuiltinDataAllocator*, void**)
                0x000000000000097c                tflite::ParseRelu6(tflite::Operator const*, tflite::ErrorReporter*, tflite::BuiltinDataAllocator*, void**)
                0x0000000000000980                tflite::ParseRound(tflite::Operator const*, tflite::ErrorReporter*, tflite::BuiltinDataAllocator*, void**)
                0x0000000000000984                tflite::ParseRsqrt(tflite::Operator const*, tflite::ErrorReporter*, tflite::BuiltinDataAllocator*, void**)
                0x0000000000000988                tflite::ParseSin(tflite::Operator const*, tflite::ErrorReporter*, tflite::BuiltinDataAllocator*, void**)
                0x000000000000098c                tflite::ParseSlice(tflite::Operator const*, tflite::ErrorReporter*, tflite::BuiltinDataAllocator*, void**)
                0x0000000000000990                tflite::ParseSpaceToBatchNd(tflite::Operator const*, tflite::ErrorReporter*, tflite::BuiltinDataAllocator*, void**)
                0x0000000000000994                tflite::ParseSqrt(tflite::Operator const*, tflite::ErrorReporter*, tflite::BuiltinDataAllocator*, void**)
                0x0000000000000998                tflite::ParseSquare(tflite::Operator const*, tflite::ErrorReporter*, tflite::BuiltinDataAllocator*, void**)
                0x000000000000099c                tflite::ParseTanh(tflite::Operator const*, tflite::ErrorReporter*, tflite::BuiltinDataAllocator*, void**)
                0x00000000000009a0                tflite::ParseTranspose(tflite::Operator const*, tflite::ErrorReporter*, tflite::BuiltinDataAllocator*, void**)
                0x00000000000009a4                tflite::ParseZerosLike(tflite::Operator const*, tflite::ErrorReporter*, tflite::BuiltinDataAllocator*, void**)
                0x00000000000009f0                tflite::OpResolver::GetDelegates(int) const
                0x00000000000009fa                tflite::OpResolver::GetDelegateCreators() const
                0x0000000000000a04                tflite::OpResolver::MayContainUserDefinedOps() const
                0x0000000000000a08                tflite::MicroOpResolver::FindOp(tflite::BuiltinOperator, int) const
                0x0000000000000a12                tflite::MicroOpResolver::FindOp(char const*, int) const
                0x0000000000000a1c                tflite::MicroMutableOpResolver<128u>::FindOp(tflite::BuiltinOperator) const
                0x0000000000000a52                tflite::AllOpsResolver::~AllOpsResolver()
                0x0000000000000a54                tflite::(anonymous namespace)::Prepare(TfLiteContext*, TfLiteNode*) [clone .lto_priv.3]
                0x0000000000000ad8                tflite::(anonymous namespace)::Eval(TfLiteContext*, TfLiteNode*) [clone .lto_priv.3]
                0x0000000000000af8                tflite::(anonymous namespace)::Prepare(TfLiteContext*, TfLiteNode*) [clone .lto_priv.4]
                0x0000000000000be4                Reset_Handler
                0x0000000000000f38                tflite::MicroMutableOpResolver<128u>::FindOp(char const*) const
                0x00000000000010d6                arm_nn_mat_mult_s8
                0x000000000000141c                arm_fully_connected_s8
                0x0000000000001800                arm_nn_mat_mul_core_1x_s8
                0x0000000000001830                arm_nn_mat_mul_core_4x_s8
                0x0000000000001996                arm_convolve_1x1_s8_fast
                0x0000000000001b7c                arm_exp_on_negative_values_mve_32x4.lto_priv.0
                0x00000000000021b4                TfLiteIntArrayEqual
                0x00000000000021fc                TfLiteTypeGetName
                0x00000000000022b0                tflite::(anonymous namespace)::Prepare(TfLiteContext*, TfLiteNode*) [clone .lto_priv.2]
                0x0000000000002448                tflite::ops::micro::ceil::Prepare(TfLiteContext*, TfLiteNode*)
                0x0000000000002650                _write
                0x0000000000002678                fputc
                0x0000000000002682                _read
                0x00000000000026bc                _close
                0x00000000000026c8                exit
                0x00000000000026da                _exit
                0x00000000000026e0                tflite::ErrorReporter::Report(char const*, ...)
                0x0000000000002774                tflite::ErrorReporter::ReportError(void*, char const*, ...)
                0x0000000000002792                tflite::ConvertTensorType(tflite::TensorType, TfLiteType*, tflite::ErrorReporter*)
                0x0000000000002844                tflite::ParseShape(tflite::Operator const*, tflite::ErrorReporter*, tflite::BuiltinDataAllocator*, void**)
                0x00000000000028be                tflite::CalculateInputRadius(int, int, int)
                0x0000000000002914                tflite::CheckedLog2(float, int*)
                0x0000000000002954                tflite::MultiplyByQuantizedMultiplier(long, long, int)
                0x0000000000002a10                gemmlowp::FixedPoint<long, (3)+(3)> gemmlowp::operator*<long, 3, 3>(gemmlowp::FixedPoint<long, 3>, gemmlowp::FixedPoint<long, 3>)
                0x0000000000002a90                long gemmlowp::SaturatingRoundingMultiplyByPOT<-1, long>(long)
                0x0000000000002aa4                long gemmlowp::ShiftLeft<long>(long, int)
                0x0000000000002ade                tflite::GetQuantizedConvolutionMultipler(TfLiteContext*, TfLiteTensor const*, TfLiteTensor const*, TfLiteTensor const*, TfLiteTensor*, double*)
                0x0000000000002b90                tflite::CalculateActivationRangeQuantized(TfLiteContext*, TfLiteFusedActivation, TfLiteTensor*, long*, long*)
                0x0000000000002da8                tflite::MicroMutableOpResolver<128u>::AddBuiltin(tflite::BuiltinOperator, TfLiteRegistration const&, TfLiteStatus (*)(tflite::Operator const*, tflite::ErrorReporter*, tflite::BuiltinDataAllocator*, void**))
                0x0000000000002e6c                tflite::MicroMutableOpResolver<128u>::AddCustom(char const*, TfLiteRegistration*)
                0x0000000000002ef4                tflite::AllOpsResolver::~AllOpsResolver() [clone .lto_priv.0]
                0x0000000000002ef4                tflite::AllOpsResolver::~AllOpsResolver() [clone .lto_priv.0]
                0x0000000000002ef6                DebugLog
                0x0000000000002f08                AbortImpl()
                0x0000000000002f34                tflite::ParseAdd(tflite::Operator const*, tflite::ErrorReporter*, tflite::BuiltinDataAllocator*, void**)
                0x0000000000002fc6                tflite::ParseArgMax(tflite::Operator const*, tflite::ErrorReporter*, tflite::BuiltinDataAllocator*, void**)
                0x0000000000003044                tflite::ParseArgMin(tflite::Operator const*, tflite::ErrorReporter*, tflite::BuiltinDataAllocator*, void**)
                0x00000000000030c2                tflite::ParseCallOnce(tflite::Operator const*, tflite::ErrorReporter*, tflite::BuiltinDataAllocator*, void**)
                0x0000000000003120                tflite::ParseCast(tflite::Operator const*, tflite::ErrorReporter*, tflite::BuiltinDataAllocator*, void**)
                0x00000000000031dc                tflite::ParseConcatenation(tflite::Operator const*, tflite::ErrorReporter*, tflite::BuiltinDataAllocator*, void**)
                0x0000000000003268                tflite::ParseConv2D(tflite::Operator const*, tflite::ErrorReporter*, tflite::BuiltinDataAllocator*, void**)
                0x0000000000003378                tflite::ParseCumsum(tflite::Operator const*, tflite::ErrorReporter*, tflite::BuiltinDataAllocator*, void**)
                0x00000000000033fe                tflite::ParseDepthToSpace(tflite::Operator const*, tflite::ErrorReporter*, tflite::BuiltinDataAllocator*, void**)
                0x000000000000345c                tflite::ParseDepthwiseConv2D(tflite::Operator const*, tflite::ErrorReporter*, tflite::BuiltinDataAllocator*, void**)
                0x000000000000357e                tflite::ParseFullyConnected(tflite::Operator const*, tflite::ErrorReporter*, tflite::BuiltinDataAllocator*, void**)
                0x0000000000003670                tflite::ParseGather(tflite::Operator const*, tflite::ErrorReporter*, tflite::BuiltinDataAllocator*, void**)
                0x00000000000036ea                tflite::ParseIf(tflite::Operator const*, tflite::ErrorReporter*, tflite::BuiltinDataAllocator*, void**)
                0x0000000000003764                tflite::ParseL2Normalization(tflite::Operator const*, tflite::ErrorReporter*, tflite::BuiltinDataAllocator*, void**)
                0x00000000000037c8                tflite::ParseLeakyRelu(tflite::Operator const*, tflite::ErrorReporter*, tflite::BuiltinDataAllocator*, void**)
                0x0000000000003828                tflite::ParseMirrorPad(tflite::Operator const*, tflite::ErrorReporter*, tflite::BuiltinDataAllocator*, void**)
                0x0000000000003894                tflite::ParseMul(tflite::Operator const*, tflite::ErrorReporter*, tflite::BuiltinDataAllocator*, void**)
                0x00000000000038f8                tflite::ParsePack(tflite::Operator const*, tflite::ErrorReporter*, tflite::BuiltinDataAllocator*, void**)
                0x0000000000003972                tflite::ParsePool(tflite::Operator const*, tflite::ErrorReporter*, tflite::BuiltinDataAllocator*, void**)
                0x0000000000003a7c                tflite::ParseReducer(tflite::Operator const*, tflite::ErrorReporter*, tflite::BuiltinDataAllocator*, void**)
                0x0000000000003ae0                tflite::ParseReshape(tflite::Operator const*, tflite::ErrorReporter*, tflite::BuiltinDataAllocator*, void**)
                0x0000000000003b78                tflite::ParseResizeBilinear(tflite::Operator const*, tflite::ErrorReporter*, tflite::BuiltinDataAllocator*, void**)
                0x0000000000003bfe                tflite::ParseResizeNearestNeighbor(tflite::Operator const*, tflite::ErrorReporter*, tflite::BuiltinDataAllocator*, void**)
                0x0000000000003c84                tflite::ParseSoftmax(tflite::Operator const*, tflite::ErrorReporter*, tflite::BuiltinDataAllocator*, void**)
                0x0000000000003ce4                tflite::ParseSpaceToDepth(tflite::Operator const*, tflite::ErrorReporter*, tflite::BuiltinDataAllocator*, void**)
                0x0000000000003d42                tflite::ParseSplit(tflite::Operator const*, tflite::ErrorReporter*, tflite::BuiltinDataAllocator*, void**)
                0x0000000000003da0                tflite::ParseSplitV(tflite::Operator const*, tflite::ErrorReporter*, tflite::BuiltinDataAllocator*, void**)
                0x0000000000003dfe                tflite::ParseSqueeze(tflite::Operator const*, tflite::ErrorReporter*, tflite::BuiltinDataAllocator*, void**)
                0x0000000000003e98                tflite::ParseStridedSlice(tflite::Operator const*, tflite::ErrorReporter*, tflite::BuiltinDataAllocator*, void**)
                0x0000000000003f6c                tflite::ParseSub(tflite::Operator const*, tflite::ErrorReporter*, tflite::BuiltinDataAllocator*, void**)
                0x0000000000003ffe                tflite::ParseSvdf(tflite::Operator const*, tflite::ErrorReporter*, tflite::BuiltinDataAllocator*, void**)
                0x00000000000040ae                tflite::ParseTransposeConv(tflite::Operator const*, tflite::ErrorReporter*, tflite::BuiltinDataAllocator*, void**)
                0x0000000000004158                tflite::ParseUnpack(tflite::Operator const*, tflite::ErrorReporter*, tflite::BuiltinDataAllocator*, void**)
                0x00000000000041d2                tflite::ParseVarHandle(tflite::Operator const*, tflite::ErrorReporter*, tflite::BuiltinDataAllocator*, void**)
                0x0000000000004248                tflite::ParseWhile(tflite::Operator const*, tflite::ErrorReporter*, tflite::BuiltinDataAllocator*, void**)
                0x00000000000042c2                tflite::QuantizeMultiplier(double, long*, int*)
                0x0000000000004338                tflite::PopulateConvolutionQuantizationParams(TfLiteContext*, TfLiteTensor const*, TfLiteTensor const*, TfLiteTensor const*, TfLiteTensor*, TfLiteFusedActivation const&, long*, int*, long*, long*, long*, long*, int)
                0x0000000000004584                tflite::QuantizeMultiplierSmallerThanOneExp(double, long*, int*)
                0x00000000000045c0                tflite::(anonymous namespace)::Prepare(TfLiteContext*, TfLiteNode*) [clone .lto_priv.0]
                0x00000000000048a4                tflite::MicroMutableOpResolver<128u>::GetOpDataParser(tflite::BuiltinOperator) const
                0x00000000000048e0                tflite::(anonymous namespace)::ReluInit(TfLiteContext*, char const*, unsigned int) [clone .lto_priv.0]
                0x00000000000048f0                tflite::(anonymous namespace)::Relu6Init(TfLiteContext*, char const*, unsigned int) [clone .lto_priv.0]
                0x0000000000004900                tflite::ReluPrepare(TfLiteContext*, TfLiteNode*)
                0x00000000000049f0                tflite::Relu6Prepare(TfLiteContext*, TfLiteNode*)
                0x0000000000004a78                tflite::(anonymous namespace)::Prepare(TfLiteContext*, TfLiteNode*) [clone .lto_priv.1]
                0x0000000000004c20                tflite::(anonymous namespace)::Eval(TfLiteContext*, TfLiteNode*) [clone .lto_priv.1]
                0x0000000000004cac                tflite::(anonymous namespace)::BroadcastToPrepare(TfLiteContext*, TfLiteNode*) [clone .lto_priv.0]
                0x0000000000004f00                tflite::(anonymous namespace)::BroadcastToEval(TfLiteContext*, TfLiteNode*) [clone .lto_priv.0]
                0x0000000000005094                tflite::(anonymous namespace)::Init(TfLiteContext*, char const*, unsigned int) [clone .lto_priv.8]
                0x00000000000050a4                tflite::CircularBufferPrepare(TfLiteContext*, TfLiteNode*)
                0x00000000000052dc                tflite::NumSubgraphOperators(tflite::SubGraph const*)
                0x00000000000052fa                tflite::NumSubgraphOperators(tflite::Model const*, int)
                0x0000000000005348                long long flexbuffers::ReadSizedScalar<long long, signed char, short, long, long long>(unsigned char const*, unsigned char)
                0x0000000000005372                unsigned long long flexbuffers::ReadSizedScalar<unsigned long long, unsigned char, unsigned short, unsigned long, unsigned long long>(unsigned char const*, unsigned char)
                0x0000000000005390                tflite::CircularBufferInit(TfLiteContext*, char const*, unsigned int)
                0x00000000000053f0                double flexbuffers::ReadSizedScalar<double, signed char, short, float, double>(unsigned char const*, unsigned char)
                0x000000000000541e                float const* tflite::micro::GetTensorData<float>(TfLiteEvalTensor const*)
                0x000000000000542a                tflite::ops::micro::ceil::Eval(TfLiteContext*, TfLiteNode*)
                0x00000000000054d4                signed char const* tflite::micro::GetTensorData<signed char>(TfLiteEvalTensor const*)
                0x00000000000054e0                tflite::(anonymous namespace)::ReluEval(TfLiteContext*, TfLiteNode*) [clone .lto_priv.0]
                0x000000000000572c                tflite::(anonymous namespace)::Relu6Eval(TfLiteContext*, TfLiteNode*) [clone .lto_priv.0]
                0x00000000000058d8                tflite::(anonymous namespace)::Eval(TfLiteContext*, TfLiteNode*) [clone .lto_priv.0]
                0x0000000000005d6c                tflite::CircularBufferEval(TfLiteContext*, TfLiteNode*)
                0x0000000000005df8                void tflite::CalculateActivationRange<float>(TfLiteFusedActivation, float*, float*)
                0x0000000000005e3c                long const* tflite::micro::GetTensorData<long>(TfLiteEvalTensor const*)
                0x0000000000006560                tflite::ops::micro::arg_min_max::ArgMinEval(TfLiteContext*, TfLiteNode*)
                0x000000000000656a                tflite::ops::micro::arg_min_max::ArgMaxEval(TfLiteContext*, TfLiteNode*)
                0x0000000000006574                tflite::(anonymous namespace)::Eval(TfLiteContext*, TfLiteNode*) [clone .lto_priv.2]
                0x00000000000069f2                long long const* tflite::micro::GetTensorData<long long>(TfLiteEvalTensor const*)
                0x00000000000069fe                short const* tflite::micro::GetTensorData<short>(TfLiteEvalTensor const*)
                0x0000000000006a0a                tflite::(anonymous namespace)::Eval(TfLiteContext*, TfLiteNode*) [clone .lto_priv.4]
                0x0000000000006e20                tflite::reference_ops::ProcessBroadcastShapes(tflite::RuntimeShape const&, tflite::RuntimeShape const&, tflite::ArithmeticParams*)
                0x00000000000070a6                tflite::(anonymous namespace)::EvalAddFloat(TfLiteContext*, TfLiteNode*, TfLiteAddParams*, tflite::(anonymous namespace)::OpData const*, TfLiteEvalTensor const*, TfLiteEvalTensor const*, TfLiteEvalTensor*) [clone .lto_priv.0]
                0x000000000000737c                tflite::(anonymous namespace)::EvalAddQuantized(TfLiteContext*, TfLiteNode*, TfLiteAddParams*, tflite::(anonymous namespace)::OpData const*, TfLiteEvalTensor const*, TfLiteEvalTensor const*, TfLiteEvalTensor*) [clone .lto_priv.0]
 .text          0x0000000000007f74     0x73a4 /tmp/main.elf.DUPdI9.ltrans1.ltrans.o
                0x0000000000007f74                tflite::InitAdd(TfLiteContext*, char const*, unsigned int)
                0x0000000000007f84                tflite::(anonymous namespace)::Init(TfLiteContext*, char const*, unsigned int) [clone .lto_priv.0]
                0x0000000000007f94                tflite::(anonymous namespace)::Init(TfLiteContext*, char const*, unsigned int) [clone .lto_priv.1]
                0x0000000000007fa4                tflite::(anonymous namespace)::Init(TfLiteContext*, char const*, unsigned int) [clone .lto_priv.2]
                0x0000000000007fb4                tflite::(anonymous namespace)::Init(TfLiteContext*, char const*, unsigned int) [clone .lto_priv.3]
                0x0000000000007fc4                tflite::PrepareAdd(TfLiteContext*, TfLiteNode*)
                0x0000000000008188                tflite::EvalAdd(TfLiteContext*, TfLiteNode*)
                0x0000000000008214                tflite::(anonymous namespace)::Prepare(TfLiteContext*, TfLiteNode*) [clone .lto_priv.5]
                0x00000000000086f0                tflite::(anonymous namespace)::Prepare(TfLiteContext*, TfLiteNode*) [clone .lto_priv.6]
                0x0000000000008c2c                tflite::(anonymous namespace)::Eval(TfLiteContext*, TfLiteNode*) [clone .lto_priv.5]
                0x000000000000a550                tflite::(anonymous namespace)::Eval(TfLiteContext*, TfLiteNode*) [clone .lto_priv.6]
                0x000000000000b962                tflite::(anonymous namespace)::Prepare(TfLiteContext*, TfLiteNode*) [clone .lto_priv.7]
                0x000000000000bbb8                tflite::(anonymous namespace)::Eval(TfLiteContext*, TfLiteNode*) [clone .lto_priv.7]
                0x000000000000c0c4                tflite::(anonymous namespace)::MaxPrepare(TfLiteContext*, TfLiteNode*) [clone .lto_priv.0]
                0x000000000000c0d8                tflite::(anonymous namespace)::AveragePrepare(TfLiteContext*, TfLiteNode*) [clone .lto_priv.0]
                0x000000000000c17e                tflite::(anonymous namespace)::AverageEval(TfLiteContext*, TfLiteNode*) [clone .lto_priv.0]
                0x000000000000c9c2                tflite::(anonymous namespace)::MaxEval(TfLiteContext*, TfLiteNode*) [clone .lto_priv.0]
                0x000000000000cf7e                void tflite::NdArrayDescsForElementwiseBroadcast<4>(tflite::RuntimeShape const&, tflite::RuntimeShape const&, tflite::NdArrayDesc<4>*, tflite::NdArrayDesc<4>*)
                0x000000000000d0d0                void tflite::reference_integer_ops::BroadcastMul4DSlow<signed char>(tflite::ArithmeticParams const&, tflite::RuntimeShape const&, signed char const*, tflite::RuntimeShape const&, signed char const*, tflite::RuntimeShape const&, signed char*)
                0x000000000000d5da                tflite::Eval(TfLiteContext*, TfLiteNode*)
                0x000000000000d690                gemmlowp::FixedPoint<long, (0)+(2)> gemmlowp::operator*<long, 0, 2>(gemmlowp::FixedPoint<long, 0>, gemmlowp::FixedPoint<long, 2>)
                0x000000000000d710                gemmlowp::FixedPoint<long, (0)+(0)> gemmlowp::operator*<long, 0, 0>(gemmlowp::FixedPoint<long, 0>, gemmlowp::FixedPoint<long, 0>)
                0x000000000000d790                long gemmlowp::SaturatingRoundingMultiplyByPOT<2, long>(long)
                0x000000000000d7c4                gemmlowp::FixedPoint<long, 0> gemmlowp::one_over_one_plus_x_for_x_in_0_1<long>(gemmlowp::FixedPoint<long, 0>)
                0x000000000000d8b8                gemmlowp::FixedPoint<long, 0> gemmlowp::exp_on_interval_between_negative_one_quarter_and_0_excl<long>(gemmlowp::FixedPoint<long, 0>)
                0x000000000000d90c                gemmlowp::FixedPoint<long, 0> gemmlowp::SelectUsingMask<long, 0>(long, gemmlowp::FixedPoint<long, 0>, gemmlowp::FixedPoint<long, 0>)
                0x000000000000d916                gemmlowp::FixedPoint<long, 0> gemmlowp::exp_on_negative_values<long, 5>(gemmlowp::FixedPoint<long, 5>)
                0x000000000000d9e4                tflite::(anonymous namespace)::SoftmaxEval(TfLiteContext*, TfLiteNode*) [clone .lto_priv.0]
 .text          0x000000000000f318     0x6740 /tmp/main.elf.DUPdI9.ltrans2.ltrans.o
                0x000000000000f318                tflite::(anonymous namespace)::Init(TfLiteContext*, char const*, unsigned int) [clone .lto_priv.9]
                0x000000000000f328                tflite::(anonymous namespace)::Prepare(TfLiteContext*, TfLiteNode*) [clone .lto_priv.27]
                0x000000000000fad8                tflite::(anonymous namespace)::Eval(TfLiteContext*, TfLiteNode*) [clone .lto_priv.27]
                0x00000000000105b2                tflite::MatchingFlatSize(tflite::RuntimeShape const&, tflite::RuntimeShape const&, tflite::RuntimeShape const&)
                0x0000000000010646                tflite::ops::micro::comparisons::(anonymous namespace)::EqualEval(TfLiteContext*, TfLiteNode*) [clone .lto_priv.0]
                0x0000000000011964                tflite::ops::micro::comparisons::(anonymous namespace)::NotEqualEval(TfLiteContext*, TfLiteNode*) [clone .lto_priv.0]
                0x0000000000012c8c                tflite::ops::micro::comparisons::(anonymous namespace)::GreaterEval(TfLiteContext*, TfLiteNode*) [clone .lto_priv.0]
                0x0000000000013bd0                tflite::ops::micro::comparisons::(anonymous namespace)::GreaterEqualEval(TfLiteContext*, TfLiteNode*) [clone .lto_priv.0]
                0x0000000000014b14                tflite::ops::micro::comparisons::(anonymous namespace)::LessEval(TfLiteContext*, TfLiteNode*) [clone .lto_priv.0]
 .text          0x0000000000015a58     0x5b14 /tmp/main.elf.DUPdI9.ltrans3.ltrans.o
                0x0000000000015a58                tflite::(anonymous namespace)::Free(TfLiteContext*, void*) [clone .lto_priv.0]
                0x0000000000015a5a                tflite::(anonymous namespace)::Prepare(TfLiteContext*, TfLiteNode*) [clone .lto_priv.10]
                0x0000000000015ee4                TfLiteStatus tflite::ops::micro::elementwise::(anonymous namespace)::GenericPrepare<&tflite::ops::micro::elementwise::(anonymous namespace)::IsNumericSupportedType>(TfLiteContext*, TfLiteNode*) [clone .lto_priv.0]
                0x000000000001602c                TfLiteStatus tflite::ops::micro::elementwise::(anonymous namespace)::GenericPrepare<&tflite::ops::micro::elementwise::(anonymous namespace)::IsLogicalSupportedType>(TfLiteContext*, TfLiteNode*) [clone .lto_priv.0]
                0x0000000000016174                tflite::(anonymous namespace)::Prepare(TfLiteContext*, TfLiteNode*) [clone .lto_priv.11]
                0x0000000000016378                tflite::ops::micro::comparisons::Init(TfLiteContext*, char const*, unsigned int)
                0x0000000000016388                tflite::ops::micro::concatenation::Init(TfLiteContext*, char const*, unsigned int)
                0x0000000000016398                tflite::ops::micro::concatenation::Prepare(TfLiteContext*, TfLiteNode*)
                0x0000000000016670                tflite::DequantizeInit(TfLiteContext*, char const*, unsigned int)
                0x0000000000016680                tflite::(anonymous namespace)::EluInit(TfLiteContext*, char const*, unsigned int) [clone .lto_priv.0]
                0x0000000000016692                tflite::ops::micro::comparisons::(anonymous namespace)::LessEqualEval(TfLiteContext*, TfLiteNode*) [clone .lto_priv.0]
                0x000000000001834c                tflite::ops::micro::concatenation::Eval(TfLiteContext*, TfLiteNode*)
                0x00000000000183e8                tflite::(anonymous namespace)::Eval(TfLiteContext*, TfLiteNode*) [clone .lto_priv.8]
                0x0000000000018918                tflite::(anonymous namespace)::Eval(TfLiteContext*, TfLiteNode*) [clone .lto_priv.9]
                0x0000000000018e08                tflite::ops::micro::comparisons::Prepare(TfLiteContext*, TfLiteNode*)
                0x0000000000018ef0                tflite::(anonymous namespace)::Prepare(TfLiteContext*, TfLiteNode*) [clone .lto_priv.8]
                0x000000000001919c                tflite::(anonymous namespace)::Prepare(TfLiteContext*, TfLiteNode*) [clone .lto_priv.9]
                0x00000000000193c8                tflite::DequantizeEval(TfLiteContext*, TfLiteNode*)
                0x0000000000019588                tflite::DequantizePrepare(TfLiteContext*, TfLiteNode*)
                0x0000000000019c0c                tflite::(anonymous namespace)::Init(TfLiteContext*, char const*, unsigned int) [clone .lto_priv.10]
                0x000000000001a480                tflite::(anonymous namespace)::Eval(TfLiteContext*, TfLiteNode*) [clone .lto_priv.10]
                0x000000000001acbc                tflite::ops::micro::elementwise::(anonymous namespace)::SquareEval(TfLiteContext*, TfLiteNode*) [clone .lto_priv.0]
                0x000000000001ad4c                tflite::ops::micro::elementwise::(anonymous namespace)::AbsEval(TfLiteContext*, TfLiteNode*) [clone .lto_priv.0]
                0x000000000001addc                tflite::ops::micro::elementwise::(anonymous namespace)::SinEval(TfLiteContext*, TfLiteNode*) [clone .lto_priv.0]
                0x000000000001ae6c                tflite::ops::micro::elementwise::(anonymous namespace)::CosEval(TfLiteContext*, TfLiteNode*) [clone .lto_priv.0]
                0x000000000001aefc                tflite::ops::micro::elementwise::(anonymous namespace)::LogEval(TfLiteContext*, TfLiteNode*) [clone .lto_priv.0]
                0x000000000001af8c                tflite::ops::micro::elementwise::(anonymous namespace)::SqrtEval(TfLiteContext*, TfLiteNode*) [clone .lto_priv.0]
                0x000000000001b01c                tflite::ops::micro::elementwise::(anonymous namespace)::RsqrtEval(TfLiteContext*, TfLiteNode*) [clone .lto_priv.0]
                0x000000000001b0c8                tflite::(anonymous namespace)::Eval(TfLiteContext*, TfLiteNode*) [clone .lto_priv.11]
                0x000000000001b1a0                tflite::(anonymous namespace)::EluPrepare(TfLiteContext*, TfLiteNode*) [clone .lto_priv.0]
                0x000000000001b350                tflite::(anonymous namespace)::EluEval(TfLiteContext*, TfLiteNode*) [clone .lto_priv.0]
                0x000000000001b4d0                bool const* tflite::micro::GetTensorData<bool>(TfLiteEvalTensor const*)
                0x000000000001b4dc                tflite::ops::micro::elementwise::(anonymous namespace)::LogicalNotEval(TfLiteContext*, TfLiteNode*) [clone .lto_priv.0]
 *fill*         0x000000000001b56c        0x4 
 .text          0x000000000001b570     0x78a4 /tmp/main.elf.DUPdI9.ltrans4.ltrans.o
                0x000000000001b570                tflite::(anonymous namespace)::Init(TfLiteContext*, char const*, unsigned int) [clone .lto_priv.4]
                0x000000000001b574                tflite::(anonymous namespace)::Init(TfLiteContext*, char const*, unsigned int) [clone .lto_priv.5]
                0x000000000001b578                tflite::(anonymous namespace)::Prepare(TfLiteContext*, TfLiteNode*) [clone .lto_priv.18]
                0x000000000001b780                tflite::MicroContextAllocatePersistentBuffer(TfLiteContext*, unsigned int)
                0x000000000001b78c                tflite::MicroContextRequestScratchBufferInArena(TfLiteContext*, unsigned int, int*)
                0x000000000001b798                tflite::MicroContextGetScratchBuffer(TfLiteContext*, int)
                0x000000000001b7a4                tflite::MicroContextGetTensor(TfLiteContext const*, int)
                0x000000000001b7b0                tflite::MicroContextGetEvalTensor(TfLiteContext const*, int)
                0x000000000001b8e8                tflite::(anonymous namespace)::Prepare(TfLiteContext*, TfLiteNode*) [clone .lto_priv.13]
                0x000000000001bb90                tflite::(anonymous namespace)::HardSwishInit(TfLiteContext*, char const*, unsigned int) [clone .lto_priv.0]
                0x000000000001bba0                tflite::(anonymous namespace)::Init(TfLiteContext*, char const*, unsigned int) [clone .lto_priv.6]
                0x000000000001bbb0                tflite::ops::micro::l2norm::Init(TfLiteContext*, char const*, unsigned int)
                0x000000000001bbc0                tflite::LeakyReluInit(TfLiteContext*, char const*, unsigned int)
                0x000000000001bbd0                tflite::(anonymous namespace)::LogisticInit(TfLiteContext*, char const*, unsigned int) [clone .lto_priv.0]
                0x000000000001bbe0                tflite::(anonymous namespace)::Init(TfLiteContext*, char const*, unsigned int) [clone .lto_priv.7]
                0x000000000001bbf0                tflite::(anonymous namespace)::Prepare(TfLiteContext*, TfLiteNode*) [clone .lto_priv.19]
                0x000000000001bd44                tflite::MulInit(TfLiteContext*, char const*, unsigned int)
                0x000000000001bd54                tflite::ops::micro::pad::Init(TfLiteContext*, char const*, unsigned int)
                0x000000000001bd64                tflite::ops::micro::pad::Prepare(TfLiteContext*, TfLiteNode*)
                0x000000000001c254                tflite::(anonymous namespace)::Prepare(TfLiteContext*, TfLiteNode*) [clone .lto_priv.12]
                0x000000000001c514                tflite::(anonymous namespace)::Prepare(TfLiteContext*, TfLiteNode*) [clone .lto_priv.14]
                0x000000000001c6b8                tflite::(anonymous namespace)::Prepare(TfLiteContext*, TfLiteNode*) [clone .lto_priv.15]
                0x000000000001c85c                tflite::(anonymous namespace)::Prepare(TfLiteContext*, TfLiteNode*) [clone .lto_priv.17]
                0x000000000001ca88                tflite::ops::micro::l2norm::Prepare(TfLiteContext*, TfLiteNode*)
                0x000000000001ce18                tflite::HardSwishPrepare(TfLiteContext*, TfLiteNode*)
                0x000000000001d01c                tflite::LeakyReluPrepare(TfLiteContext*, TfLiteNode*)
                0x000000000001d1ac                tflite::LogisticPrepare(TfLiteContext*, TfLiteNode*)
                0x000000000001d434                tflite::MulPrepare(TfLiteContext*, TfLiteNode*)
                0x000000000001d674                tflite::micro::GetMutableEvalInput(TfLiteContext const*, TfLiteNode const*, int)
                0x000000000001d6b8                tflite::micro::GetEvalOutput(TfLiteContext const*, TfLiteNode const*, int)
                0x000000000001d6d4                tflite::(anonymous namespace)::Eval(TfLiteContext*, TfLiteNode*) [clone .lto_priv.12]
                0x000000000001d764                tflite::(anonymous namespace)::Eval(TfLiteContext*, TfLiteNode*) [clone .lto_priv.16]
                0x000000000001dc04                tflite::(anonymous namespace)::Eval(TfLiteContext*, TfLiteNode*) [clone .lto_priv.17]
                0x000000000001de58                tflite::(anonymous namespace)::Eval(TfLiteContext*, TfLiteNode*) [clone .lto_priv.19]
                0x000000000001dfbc                tflite::ops::micro::pack::(anonymous namespace)::Eval(TfLiteContext*, TfLiteNode*) [clone .lto_priv.0]
                0x000000000001e410                tflite::micro::HaveSameShapes(TfLiteEvalTensor const*, TfLiteEvalTensor const*)
                0x000000000001e42e                tflite::micro::GetTensorShape(TfLiteEvalTensor const*)
                0x000000000001e450                tflite::(anonymous namespace)::Eval(TfLiteContext*, TfLiteNode*) [clone .lto_priv.13]
                0x000000000001e5a0                tflite::ops::micro::floor::Eval(TfLiteContext*, TfLiteNode*)
                0x000000000001e688                tflite::(anonymous namespace)::Eval(TfLiteContext*, TfLiteNode*) [clone .lto_priv.14]
                0x000000000001e834                tflite::(anonymous namespace)::Eval(TfLiteContext*, TfLiteNode*) [clone .lto_priv.15]
                0x000000000001e9b0                tflite::(anonymous namespace)::HardSwishEval(TfLiteContext*, TfLiteNode*) [clone .lto_priv.0]
                0x000000000001ecfc                tflite::ops::micro::l2norm::Eval(TfLiteContext*, TfLiteNode*)
                0x000000000001f298                tflite::(anonymous namespace)::L2Eval(TfLiteContext*, TfLiteNode*) [clone .lto_priv.0]
                0x000000000001f5d8                tflite::LeakyReluEval(TfLiteContext*, TfLiteNode*)
                0x000000000001fe76                tflite::(anonymous namespace)::LogicalOrEval(TfLiteContext*, TfLiteNode*) [clone .lto_priv.0]
                0x000000000001fe84                tflite::(anonymous namespace)::LogicalAndEval(TfLiteContext*, TfLiteNode*) [clone .lto_priv.0]
                0x000000000001fe94                tflite::(anonymous namespace)::LogisticEval(TfLiteContext*, TfLiteNode*) [clone .lto_priv.0]
                0x00000000000202f8                tflite::ops::micro::neg::Eval(TfLiteContext*, TfLiteNode*)
                0x00000000000203c4                tflite::ops::micro::pad::Eval(TfLiteContext*, TfLiteNode*)
                0x0000000000020b08                tflite::micro::CreateWritableTensorDimsWithCopy(TfLiteContext*, TfLiteTensor*, TfLiteEvalTensor*)
                0x0000000000020b94                tflite::(anonymous namespace)::Prepare(TfLiteContext*, TfLiteNode*) [clone .lto_priv.16]
                0x0000000000020ec0                tflite::(anonymous namespace)::L2Prepare(TfLiteContext*, TfLiteNode*) [clone .lto_priv.0]
                0x00000000000211a4                tflite::micro::ValidateAndGetTensorSizes(TfLiteEvalTensor const*, TfLiteEvalTensor const*)
                0x00000000000211da                tflite::micro::CopyOpInputsToSubgraphInputs(TfLiteContext*, TfLiteNode*, tflite::MicroGraph*, int, int)
                0x000000000002129c                tflite::micro::CopyOpOutputsToSubgraphInputs(TfLiteContext*, TfLiteNode*, tflite::MicroGraph*, int)
                0x000000000002134c                tflite::micro::CopySubgraphOutputsToOpOutputs(TfLiteContext*, TfLiteNode*, tflite::MicroGraph*, int)
                0x00000000000213fc                tflite::(anonymous namespace)::Eval(TfLiteContext*, TfLiteNode*) [clone .lto_priv.18]
                0x0000000000021490                void tflite::NdArrayDescsForElementwiseBroadcast<5>(tflite::RuntimeShape const&, tflite::RuntimeShape const&, tflite::NdArrayDesc<5>*, tflite::NdArrayDesc<5>*)
                0x0000000000021ede                TfLiteStatus tflite::ops::micro::maximum_minimum::Eval<(tflite::ops::micro::maximum_minimum::(anonymous namespace)::KernelType)0, tflite::ops::micro::maximum_minimum::(anonymous namespace)::MaximumOp>(TfLiteContext*, TfLiteNode*) [clone .lto_priv.0]
                0x0000000000022060                TfLiteStatus tflite::ops::micro::maximum_minimum::Eval<(tflite::ops::micro::maximum_minimum::(anonymous namespace)::KernelType)0, tflite::ops::micro::maximum_minimum::(anonymous namespace)::MinimumOp>(TfLiteContext*, TfLiteNode*) [clone .lto_priv.0]
                0x00000000000221e0                tflite::EvalMulQuantizedReference(TfLiteContext*, TfLiteNode*, tflite::OpDataMul const*, TfLiteEvalTensor const*, TfLiteEvalTensor const*, TfLiteEvalTensor*)
                0x00000000000228e8                tflite::EvalMulFloatReference(TfLiteContext*, TfLiteNode*, TfLiteMulParams*, tflite::OpDataMul const*, TfLiteEvalTensor const*, TfLiteEvalTensor const*, TfLiteEvalTensor*)
 .text          0x0000000000022e14     0x5670 /tmp/main.elf.DUPdI9.ltrans5.ltrans.o
                0x0000000000022e14                tflite::ops::micro::reduce::InitReduce(TfLiteContext*, char const*, unsigned int)
                0x0000000000022e44                tflite::(anonymous namespace)::Prepare(TfLiteContext*, TfLiteNode*) [clone .lto_priv.21]
                0x0000000000022fdc                tflite::ops::micro::resize_nearest_neighbor::Prepare(TfLiteContext*, TfLiteNode*)
                0x0000000000023184                tflite::(anonymous namespace)::Prepare(TfLiteContext*, TfLiteNode*) [clone .lto_priv.22]
                0x00000000000231fc                tflite::PreluInit(TfLiteContext*, char const*, unsigned int)
                0x000000000002320c                tflite::(anonymous namespace)::Init(TfLiteContext*, char const*, unsigned int) [clone .lto_priv.11]
                0x000000000002321c                tflite::(anonymous namespace)::Prepare(TfLiteContext*, TfLiteNode*) [clone .lto_priv.20]
                0x0000000000023648                tflite::(anonymous namespace)::Prepare(TfLiteContext*, TfLiteNode*) [clone .lto_priv.23]
                0x000000000002397c                tflite::ops::micro::reshape::Prepare(TfLiteContext*, TfLiteNode*)
                0x0000000000023a2c                tflite::ops::micro::round::Prepare(TfLiteContext*, TfLiteNode*)
                0x0000000000023c34                tflite::PreluEval(TfLiteContext*, TfLiteNode*)
                0x000000000002421c                tflite::(anonymous namespace)::Eval(TfLiteContext*, TfLiteNode*) [clone .lto_priv.22]
                0x0000000000024280                tflite::PreluPrepare(TfLiteContext*, TfLiteNode*)
                0x00000000000243a8                tflite::PrepareQuantizeReference(TfLiteContext*, TfLiteNode*)
                0x0000000000024724                tflite::ops::micro::reduce::PrepareMeanOrSum(TfLiteContext*, TfLiteNode*)
                0x0000000000024808                tflite::ops::micro::reduce::PrepareMax(TfLiteContext*, TfLiteNode*)
                0x00000000000248d6                tflite::ops::micro::reduce::EvalMax(TfLiteContext*, TfLiteNode*)
                0x0000000000024d7a                tflite::EvalQuantizeReference(TfLiteContext*, TfLiteNode*)
                0x00000000000252ec                tflite::(anonymous namespace)::Eval(TfLiteContext*, TfLiteNode*) [clone .lto_priv.20]
                0x0000000000025370                tflite::ops::micro::reduce::EvalMean(TfLiteContext*, TfLiteNode*)
                0x00000000000266e8                tflite::ops::micro::reshape::Eval(TfLiteContext*, TfLiteNode*)
                0x0000000000026732                tflite::(anonymous namespace)::Eval(TfLiteContext*, TfLiteNode*) [clone .lto_priv.21]
                0x0000000000027430                tflite::ops::micro::resize_nearest_neighbor::Eval(TfLiteContext*, TfLiteNode*)
                0x0000000000027d2c                tflite::ops::micro::round::Eval(TfLiteContext*, TfLiteNode*)
                0x0000000000027e0c                void tflite::reference_ops::PadImpl<float, float>(tflite::PadParams const&, tflite::RuntimeShape const&, float const*, float const*, tflite::RuntimeShape const&, float*)
                0x0000000000028084                void tflite::reference_ops::PadImpl<signed char, signed char>(tflite::PadParams const&, tflite::RuntimeShape const&, signed char const*, signed char const*, tflite::RuntimeShape const&, signed char*)
                0x00000000000282ee                tflite::PoolingPrepare(TfLiteContext*, TfLiteNode*)
 *fill*         0x0000000000028484        0x4 
 .text          0x0000000000028488     0x6718 /tmp/main.elf.DUPdI9.ltrans6.ltrans.o
                0x0000000000028496                tflite::ops::micro::split::Prepare(TfLiteContext*, TfLiteNode*)
                0x00000000000284f0                tflite::ops::micro::split_v::Prepare(TfLiteContext*, TfLiteNode*)
                0x00000000000285d8                tflite::(anonymous namespace)::Prepare(TfLiteContext*, TfLiteNode*) [clone .lto_priv.24]
                0x0000000000028770                tflite::SoftmaxInit(TfLiteContext*, char const*, unsigned int)
                0x0000000000028780                tflite::(anonymous namespace)::Init(TfLiteContext*, char const*, unsigned int) [clone .lto_priv.12]
                0x0000000000028790                tflite::(anonymous namespace)::Prepare(TfLiteContext*, TfLiteNode*) [clone .lto_priv.26]
                0x000000000002893c                tflite::ops::micro::strided_slice::Init(TfLiteContext*, char const*, unsigned int)
                0x000000000002894c                tflite::SubInit(TfLiteContext*, char const*, unsigned int)
                0x00000000000290c4                tflite::(anonymous namespace)::Eval(TfLiteContext*, TfLiteNode*) [clone .lto_priv.23]
                0x0000000000029bf4                tflite::(anonymous namespace)::Eval(TfLiteContext*, TfLiteNode*) [clone .lto_priv.25]
                0x000000000002a0f6                tflite::ops::micro::split::Eval(TfLiteContext*, TfLiteNode*)
                0x000000000002a760                tflite::ops::micro::split_v::Eval(TfLiteContext*, TfLiteNode*)
                0x000000000002aed0                tflite::ops::micro::strided_slice::Eval(TfLiteContext*, TfLiteNode*)
                0x000000000002c65c                tflite::SoftmaxPrepare(TfLiteContext*, TfLiteNode*)
                0x000000000002cbfc                tflite::(anonymous namespace)::Eval(TfLiteContext*, TfLiteNode*) [clone .lto_priv.24]
                0x000000000002d0fe                tflite::(anonymous namespace)::Prepare(TfLiteContext*, TfLiteNode*) [clone .lto_priv.25]
                0x000000000002d334                tflite::(anonymous namespace)::Eval(TfLiteContext*, TfLiteNode*) [clone .lto_priv.26]
                0x000000000002d3d0                tflite::ops::micro::strided_slice::Prepare(TfLiteContext*, TfLiteNode*)
                0x000000000002eb18                tflite::SubEval(TfLiteContext*, TfLiteNode*)
 .text          0x000000000002eba0     0x7570 /tmp/main.elf.DUPdI9.ltrans7.ltrans.o
                0x0000000000033510                tflite::TfLiteTypeSizeOf(TfLiteType, unsigned int*)
                0x0000000000033ad8                tflite::TfLiteEvalTensorByteLength(TfLiteEvalTensor const*, unsigned int*)
                0x0000000000034254                MicroPrintf(char const*, ...)
                0x0000000000034fb4                tflite::ElementCount(TfLiteIntArray const&)
                0x0000000000034fda                tflite::EvalTensorBytes(TfLiteEvalTensor const*)
                0x0000000000034ffe                main
 .text.__aeabi_atexit
                0x0000000000036110        0xa /gcc-arm-none-eabi-10-2020-q4-major/bin/../lib/gcc/arm-none-eabi/10.2.1/../../../../arm-none-eabi/lib/thumb/v8-m.main+dp/hard/libstdc++_nano.a(atexit_arm.o)
                0x0000000000036110                __aeabi_atexit
 .text.__cxa_guard_acquire
                0x000000000003611a       0x18 /gcc-arm-none-eabi-10-2020-q4-major/bin/../lib/gcc/arm-none-eabi/10.2.1/../../../../arm-none-eabi/lib/thumb/v8-m.main+dp/hard/libstdc++_nano.a(guard.o)
                0x000000000003611a                __cxa_guard_acquire
 .text.__cxa_guard_release
                0x0000000000036132        0x6 /gcc-arm-none-eabi-10-2020-q4-major/bin/../lib/gcc/arm-none-eabi/10.2.1/../../../../arm-none-eabi/lib/thumb/v8-m.main+dp/hard/libstdc++_nano.a(guard.o)
                0x0000000000036132                __cxa_guard_release
 .text.cosf     0x0000000000036138      0x1bc /gcc-arm-none-eabi-10-2020-q4-major/bin/../lib/gcc/arm-none-eabi/10.2.1/../../../../arm-none-eabi/lib/thumb/v8-m.main+dp/hard/libm.a(lib_a-cosf.o)
                0x0000000000036138                cosf
 *fill*         0x00000000000362f4        0x4 
 .text.exp      0x00000000000362f8      0x1cc /gcc-arm-none-eabi-10-2020-q4-major/bin/../lib/gcc/arm-none-eabi/10.2.1/../../../../arm-none-eabi/lib/thumb/v8-m.main+dp/hard/libm.a(lib_a-exp.o)
                0x00000000000362f8                exp
 .text.with_errno
                0x00000000000364c4       0x18 /gcc-arm-none-eabi-10-2020-q4-major/bin/../lib/gcc/arm-none-eabi/10.2.1/../../../../arm-none-eabi/lib/thumb/v8-m.main+dp/hard/libm.a(lib_a-math_err.o)
 .text.xflow    0x00000000000364dc       0x24 /gcc-arm-none-eabi-10-2020-q4-major/bin/../lib/gcc/arm-none-eabi/10.2.1/../../../../arm-none-eabi/lib/thumb/v8-m.main+dp/hard/libm.a(lib_a-math_err.o)
 .text.__math_uflow
                0x0000000000036500       0x10 /gcc-arm-none-eabi-10-2020-q4-major/bin/../lib/gcc/arm-none-eabi/10.2.1/../../../../arm-none-eabi/lib/thumb/v8-m.main+dp/hard/libm.a(lib_a-math_err.o)
                0x0000000000036500                __math_uflow
 .text.__math_oflow
                0x0000000000036510       0x10 /gcc-arm-none-eabi-10-2020-q4-major/bin/../lib/gcc/arm-none-eabi/10.2.1/../../../../arm-none-eabi/lib/thumb/v8-m.main+dp/hard/libm.a(lib_a-math_err.o)
                0x0000000000036510                __math_oflow
 .text.__math_check_uflow
                0x0000000000036520       0x14 /gcc-arm-none-eabi-10-2020-q4-major/bin/../lib/gcc/arm-none-eabi/10.2.1/../../../../arm-none-eabi/lib/thumb/v8-m.main+dp/hard/libm.a(lib_a-math_err.o)
                0x0000000000036520                __math_check_uflow
 *fill*         0x0000000000036534        0x4 
 .text.__math_check_oflow
                0x0000000000036538       0x28 /gcc-arm-none-eabi-10-2020-q4-major/bin/../lib/gcc/arm-none-eabi/10.2.1/../../../../arm-none-eabi/lib/thumb/v8-m.main+dp/hard/libm.a(lib_a-math_err.o)
                0x0000000000036538                __math_check_oflow
 .text.with_errnof
                0x0000000000036560       0x18 /gcc-arm-none-eabi-10-2020-q4-major/bin/../lib/gcc/arm-none-eabi/10.2.1/../../../../arm-none-eabi/lib/thumb/v8-m.main+dp/hard/libm.a(lib_a-math_errf.o)
 .text.xflowf   0x0000000000036578       0x20 /gcc-arm-none-eabi-10-2020-q4-major/bin/../lib/gcc/arm-none-eabi/10.2.1/../../../../arm-none-eabi/lib/thumb/v8-m.main+dp/hard/libm.a(lib_a-math_errf.o)
 .text.__math_uflowf
                0x0000000000036598        0xc /gcc-arm-none-eabi-10-2020-q4-major/bin/../lib/gcc/arm-none-eabi/10.2.1/../../../../arm-none-eabi/lib/thumb/v8-m.main+dp/hard/libm.a(lib_a-math_errf.o)
                0x0000000000036598                __math_uflowf
 .text.__math_may_uflowf
                0x00000000000365a4        0xc /gcc-arm-none-eabi-10-2020-q4-major/bin/../lib/gcc/arm-none-eabi/10.2.1/../../../../arm-none-eabi/lib/thumb/v8-m.main+dp/hard/libm.a(lib_a-math_errf.o)
                0x00000000000365a4                __math_may_uflowf
 .text.__math_oflowf
                0x00000000000365b0        0xc /gcc-arm-none-eabi-10-2020-q4-major/bin/../lib/gcc/arm-none-eabi/10.2.1/../../../../arm-none-eabi/lib/thumb/v8-m.main+dp/hard/libm.a(lib_a-math_errf.o)
                0x00000000000365b0                __math_oflowf
 .text.__math_divzerof
                0x00000000000365bc       0x24 /gcc-arm-none-eabi-10-2020-q4-major/bin/../lib/gcc/arm-none-eabi/10.2.1/../../../../arm-none-eabi/lib/thumb/v8-m.main+dp/hard/libm.a(lib_a-math_errf.o)
                0x00000000000365bc                __math_divzerof
 .text.__math_invalidf
                0x00000000000365e0       0x24 /gcc-arm-none-eabi-10-2020-q4-major/bin/../lib/gcc/arm-none-eabi/10.2.1/../../../../arm-none-eabi/lib/thumb/v8-m.main+dp/hard/libm.a(lib_a-math_errf.o)
                0x00000000000365e0                __math_invalidf
 *fill*         0x0000000000036604        0x4 
 .text.frexp    0x0000000000036608       0x7c /gcc-arm-none-eabi-10-2020-q4-major/bin/../lib/gcc/arm-none-eabi/10.2.1/../../../../arm-none-eabi/lib/thumb/v8-m.main+dp/hard/libm.a(lib_a-s_frexp.o)
                0x0000000000036608                frexp
 .text.expf     0x0000000000036684       0xe4 /gcc-arm-none-eabi-10-2020-q4-major/bin/../lib/gcc/arm-none-eabi/10.2.1/../../../../arm-none-eabi/lib/thumb/v8-m.main+dp/hard/libm.a(lib_a-sf_exp.o)
                0x0000000000036684                expf
 .text.expm1f   0x0000000000036768      0x274 /gcc-arm-none-eabi-10-2020-q4-major/bin/../lib/gcc/arm-none-eabi/10.2.1/../../../../arm-none-eabi/lib/thumb/v8-m.main+dp/hard/libm.a(lib_a-sf_expm1.o)
                0x0000000000036768                expm1f
 .text.logf     0x00000000000369dc       0xcc /gcc-arm-none-eabi-10-2020-q4-major/bin/../lib/gcc/arm-none-eabi/10.2.1/../../../../arm-none-eabi/lib/thumb/v8-m.main+dp/hard/libm.a(lib_a-sf_log.o)
                0x00000000000369dc                logf
 .text.tanhf    0x0000000000036aa8       0xb8 /gcc-arm-none-eabi-10-2020-q4-major/bin/../lib/gcc/arm-none-eabi/10.2.1/../../../../arm-none-eabi/lib/thumb/v8-m.main+dp/hard/libm.a(lib_a-sf_tanh.o)
                0x0000000000036aa8                tanhf
 .text.sinf     0x0000000000036b60      0x204 /gcc-arm-none-eabi-10-2020-q4-major/bin/../lib/gcc/arm-none-eabi/10.2.1/../../../../arm-none-eabi/lib/thumb/v8-m.main+dp/hard/libm.a(lib_a-sinf.o)
                0x0000000000036b60                sinf
 .text.fmodf    0x0000000000036d64       0x60 /gcc-arm-none-eabi-10-2020-q4-major/bin/../lib/gcc/arm-none-eabi/10.2.1/../../../../arm-none-eabi/lib/thumb/v8-m.main+dp/hard/libm.a(lib_a-wf_fmod.o)
                0x0000000000036d64                fmodf
 .text.sqrtf    0x0000000000036dc4       0x50 /gcc-arm-none-eabi-10-2020-q4-major/bin/../lib/gcc/arm-none-eabi/10.2.1/../../../../arm-none-eabi/lib/thumb/v8-m.main+dp/hard/libm.a(lib_a-wf_sqrt.o)
                0x0000000000036dc4                sqrtf
 .text.__ieee754_fmodf
                0x0000000000036e14      0x148 /gcc-arm-none-eabi-10-2020-q4-major/bin/../lib/gcc/arm-none-eabi/10.2.1/../../../../arm-none-eabi/lib/thumb/v8-m.main+dp/hard/libm.a(lib_a-ef_fmod.o)
                0x0000000000036e14                __ieee754_fmodf
 .text.__ieee754_sqrtf
                0x0000000000036f5c        0x8 /gcc-arm-none-eabi-10-2020-q4-major/bin/../lib/gcc/arm-none-eabi/10.2.1/../../../../arm-none-eabi/lib/thumb/v8-m.main+dp/hard/libm.a(lib_a-ef_sqrt.o)
                0x0000000000036f5c                __ieee754_sqrtf
 .text.fabsf    0x0000000000036f64       0x10 /gcc-arm-none-eabi-10-2020-q4-major/bin/../lib/gcc/arm-none-eabi/10.2.1/../../../../arm-none-eabi/lib/thumb/v8-m.main+dp/hard/libm.a(lib_a-sf_fabs.o)
                0x0000000000036f64                fabsf
 .text          0x0000000000036f74      0x378 /gcc-arm-none-eabi-10-2020-q4-major/bin/../lib/gcc/arm-none-eabi/10.2.1/thumb/v8-m.main+dp/hard/libgcc.a(_arm_addsubdf3.o)
                0x0000000000036f74                __aeabi_drsub
                0x0000000000036f7c                __aeabi_dsub
                0x0000000000036f7c                __subdf3
                0x0000000000036f80                __adddf3
                0x0000000000036f80                __aeabi_dadd
                0x00000000000371f8                __aeabi_ui2d
                0x00000000000371f8                __floatunsidf
                0x0000000000037218                __floatsidf
                0x0000000000037218                __aeabi_i2d
                0x000000000003723c                __extendsfdf2
                0x000000000003723c                __aeabi_f2d
                0x0000000000037280                __aeabi_ul2d
                0x0000000000037280                __floatundidf
                0x0000000000037290                __floatdidf
                0x0000000000037290                __aeabi_l2d
 .text          0x00000000000372ec       0x30 /gcc-arm-none-eabi-10-2020-q4-major/bin/../lib/gcc/arm-none-eabi/10.2.1/thumb/v8-m.main+dp/hard/libgcc.a(_fixdfdi.o)
                0x00000000000372ec                __aeabi_d2lz
                0x00000000000372ec                __fixdfdi
 *fill*         0x000000000003731c        0x4 
 .text          0x0000000000037320       0x40 /gcc-arm-none-eabi-10-2020-q4-major/bin/../lib/gcc/arm-none-eabi/10.2.1/thumb/v8-m.main+dp/hard/libgcc.a(_fixunsdfdi.o)
                0x0000000000037320                __aeabi_d2ulz
                0x0000000000037320                __fixunsdfdi
 .text.__assert_func
                0x0000000000037360       0x3c /gcc-arm-none-eabi-10-2020-q4-major/bin/../lib/gcc/arm-none-eabi/10.2.1/../../../../arm-none-eabi/lib/thumb/v8-m.main+dp/hard/libg_nano.a(lib_a-assert.o)
                0x0000000000037360                __assert_func
 .text.bsearch  0x000000000003739c       0x42 /gcc-arm-none-eabi-10-2020-q4-major/bin/../lib/gcc/arm-none-eabi/10.2.1/../../../../arm-none-eabi/lib/thumb/v8-m.main+dp/hard/libg_nano.a(lib_a-bsearch.o)
                0x000000000003739c                bsearch
 *fill*         0x00000000000373de        0x2 
 .text.__cxa_atexit
                0x00000000000373e0       0x1c /gcc-arm-none-eabi-10-2020-q4-major/bin/../lib/gcc/arm-none-eabi/10.2.1/../../../../arm-none-eabi/lib/thumb/v8-m.main+dp/hard/libg_nano.a(lib_a-cxa_atexit.o)
                0x00000000000373e0                __cxa_atexit
 .text.__errno  0x00000000000373fc        0xc /gcc-arm-none-eabi-10-2020-q4-major/bin/../lib/gcc/arm-none-eabi/10.2.1/../../../../arm-none-eabi/lib/thumb/v8-m.main+dp/hard/libg_nano.a(lib_a-errno.o)
                0x00000000000373fc                __errno
 .text.__sflush_r
                0x0000000000037408      0x108 /gcc-arm-none-eabi-10-2020-q4-major/bin/../lib/gcc/arm-none-eabi/10.2.1/../../../../arm-none-eabi/lib/thumb/v8-m.main+dp/hard/libg_nano.a(lib_a-fflush.o)
                0x0000000000037408                __sflush_r
 .text._fflush_r
                0x0000000000037510       0x78 /gcc-arm-none-eabi-10-2020-q4-major/bin/../lib/gcc/arm-none-eabi/10.2.1/../../../../arm-none-eabi/lib/thumb/v8-m.main+dp/hard/libg_nano.a(lib_a-fflush.o)
                0x0000000000037510                _fflush_r
 .text.std      0x0000000000037588       0x48 /gcc-arm-none-eabi-10-2020-q4-major/bin/../lib/gcc/arm-none-eabi/10.2.1/../../../../arm-none-eabi/lib/thumb/v8-m.main+dp/hard/libg_nano.a(lib_a-findfp.o)
 .text._cleanup_r
                0x00000000000375d0        0xc /gcc-arm-none-eabi-10-2020-q4-major/bin/../lib/gcc/arm-none-eabi/10.2.1/../../../../arm-none-eabi/lib/thumb/v8-m.main+dp/hard/libg_nano.a(lib_a-findfp.o)
                0x00000000000375d0                _cleanup_r
 .text.__sfmoreglue
                0x00000000000375dc       0x2c /gcc-arm-none-eabi-10-2020-q4-major/bin/../lib/gcc/arm-none-eabi/10.2.1/../../../../arm-none-eabi/lib/thumb/v8-m.main+dp/hard/libg_nano.a(lib_a-findfp.o)
                0x00000000000375dc                __sfmoreglue
 .text.__sfp_lock_acquire
                0x0000000000037608        0xc /gcc-arm-none-eabi-10-2020-q4-major/bin/../lib/gcc/arm-none-eabi/10.2.1/../../../../arm-none-eabi/lib/thumb/v8-m.main+dp/hard/libg_nano.a(lib_a-findfp.o)
                0x0000000000037608                __sfp_lock_acquire
 .text.__sfp_lock_release
                0x0000000000037614        0xc /gcc-arm-none-eabi-10-2020-q4-major/bin/../lib/gcc/arm-none-eabi/10.2.1/../../../../arm-none-eabi/lib/thumb/v8-m.main+dp/hard/libg_nano.a(lib_a-findfp.o)
                0x0000000000037614                __sfp_lock_release
 .text.__sinit_lock_acquire
                0x0000000000037620        0xc /gcc-arm-none-eabi-10-2020-q4-major/bin/../lib/gcc/arm-none-eabi/10.2.1/../../../../arm-none-eabi/lib/thumb/v8-m.main+dp/hard/libg_nano.a(lib_a-findfp.o)
                0x0000000000037620                __sinit_lock_acquire
 .text.__sinit_lock_release
                0x000000000003762c        0xc /gcc-arm-none-eabi-10-2020-q4-major/bin/../lib/gcc/arm-none-eabi/10.2.1/../../../../arm-none-eabi/lib/thumb/v8-m.main+dp/hard/libg_nano.a(lib_a-findfp.o)
                0x000000000003762c                __sinit_lock_release
 .text.__sinit  0x0000000000037638       0x70 /gcc-arm-none-eabi-10-2020-q4-major/bin/../lib/gcc/arm-none-eabi/10.2.1/../../../../arm-none-eabi/lib/thumb/v8-m.main+dp/hard/libg_nano.a(lib_a-findfp.o)
                0x0000000000037638                __sinit
 .text.__sfp    0x00000000000376a8       0x8c /gcc-arm-none-eabi-10-2020-q4-major/bin/../lib/gcc/arm-none-eabi/10.2.1/../../../../arm-none-eabi/lib/thumb/v8-m.main+dp/hard/libg_nano.a(lib_a-findfp.o)
                0x00000000000376a8                __sfp
 .text.fprintf  0x0000000000037734       0x24 /gcc-arm-none-eabi-10-2020-q4-major/bin/../lib/gcc/arm-none-eabi/10.2.1/../../../../arm-none-eabi/lib/thumb/v8-m.main+dp/hard/libg_nano.a(lib_a-fprintf.o)
                0x0000000000037734                fprintf
                0x0000000000037734                fiprintf
 .text._fwalk_reent
                0x0000000000037758       0x3e /gcc-arm-none-eabi-10-2020-q4-major/bin/../lib/gcc/arm-none-eabi/10.2.1/../../../../arm-none-eabi/lib/thumb/v8-m.main+dp/hard/libg_nano.a(lib_a-fwalk.o)
                0x0000000000037758                _fwalk_reent
 *fill*         0x0000000000037796        0x2 
 .text.__libc_init_array
                0x0000000000037798       0x48 /gcc-arm-none-eabi-10-2020-q4-major/bin/../lib/gcc/arm-none-eabi/10.2.1/../../../../arm-none-eabi/lib/thumb/v8-m.main+dp/hard/libg_nano.a(lib_a-init.o)
                0x0000000000037798                __libc_init_array
 .text.__retarget_lock_init_recursive
                0x00000000000377e0        0x2 /gcc-arm-none-eabi-10-2020-q4-major/bin/../lib/gcc/arm-none-eabi/10.2.1/../../../../arm-none-eabi/lib/thumb/v8-m.main+dp/hard/libg_nano.a(lib_a-lock.o)
                0x00000000000377e0                __retarget_lock_init_recursive
 .text.__retarget_lock_acquire_recursive
                0x00000000000377e2        0x2 /gcc-arm-none-eabi-10-2020-q4-major/bin/../lib/gcc/arm-none-eabi/10.2.1/../../../../arm-none-eabi/lib/thumb/v8-m.main+dp/hard/libg_nano.a(lib_a-lock.o)
                0x00000000000377e2                __retarget_lock_acquire_recursive
 .text.__retarget_lock_release_recursive
                0x00000000000377e4        0x2 /gcc-arm-none-eabi-10-2020-q4-major/bin/../lib/gcc/arm-none-eabi/10.2.1/../../../../arm-none-eabi/lib/thumb/v8-m.main+dp/hard/libg_nano.a(lib_a-lock.o)
                0x00000000000377e4                __retarget_lock_release_recursive
 .text.memset   0x00000000000377e6       0x10 /gcc-arm-none-eabi-10-2020-q4-major/bin/../lib/gcc/arm-none-eabi/10.2.1/../../../../arm-none-eabi/lib/thumb/v8-m.main+dp/hard/libg_nano.a(lib_a-memset.o)
                0x00000000000377e6                memset
 *fill*         0x00000000000377f6        0x2 
 .text._free_r  0x00000000000377f8       0x98 /gcc-arm-none-eabi-10-2020-q4-major/bin/../lib/gcc/arm-none-eabi/10.2.1/../../../../arm-none-eabi/lib/thumb/v8-m.main+dp/hard/libg_nano.a(lib_a-nano-freer.o)
                0x00000000000377f8                _free_r
 .text._malloc_r
                0x0000000000037890       0xb4 /gcc-arm-none-eabi-10-2020-q4-major/bin/../lib/gcc/arm-none-eabi/10.2.1/../../../../arm-none-eabi/lib/thumb/v8-m.main+dp/hard/libg_nano.a(lib_a-nano-mallocr.o)
                0x0000000000037890                _malloc_r
 .text.__sfputc_r
                0x0000000000037944       0x2e /gcc-arm-none-eabi-10-2020-q4-major/bin/../lib/gcc/arm-none-eabi/10.2.1/../../../../arm-none-eabi/lib/thumb/v8-m.main+dp/hard/libg_nano.a(lib_a-nano-vfprintf.o)
 .text.__sfputs_r
                0x0000000000037972       0x24 /gcc-arm-none-eabi-10-2020-q4-major/bin/../lib/gcc/arm-none-eabi/10.2.1/../../../../arm-none-eabi/lib/thumb/v8-m.main+dp/hard/libg_nano.a(lib_a-nano-vfprintf.o)
                0x0000000000037972                __sfputs_r
 *fill*         0x0000000000037996        0x2 
 .text._vfprintf_r
                0x0000000000037998      0x260 /gcc-arm-none-eabi-10-2020-q4-major/bin/../lib/gcc/arm-none-eabi/10.2.1/../../../../arm-none-eabi/lib/thumb/v8-m.main+dp/hard/libg_nano.a(lib_a-nano-vfprintf.o)
                0x0000000000037998                _vfiprintf_r
                0x0000000000037998                _vfprintf_r
 .text._printf_common
                0x0000000000037bf8       0xe0 /gcc-arm-none-eabi-10-2020-q4-major/bin/../lib/gcc/arm-none-eabi/10.2.1/../../../../arm-none-eabi/lib/thumb/v8-m.main+dp/hard/libg_nano.a(lib_a-nano-vfprintf_i.o)
                0x0000000000037bf8                _printf_common
 .text._printf_i
                0x0000000000037cd8      0x24c /gcc-arm-none-eabi-10-2020-q4-major/bin/../lib/gcc/arm-none-eabi/10.2.1/../../../../arm-none-eabi/lib/thumb/v8-m.main+dp/hard/libg_nano.a(lib_a-nano-vfprintf_i.o)
                0x0000000000037cd8                _printf_i
 .text._sbrk_r  0x0000000000037f24       0x20 /gcc-arm-none-eabi-10-2020-q4-major/bin/../lib/gcc/arm-none-eabi/10.2.1/../../../../arm-none-eabi/lib/thumb/v8-m.main+dp/hard/libg_nano.a(lib_a-sbrkr.o)
                0x0000000000037f24                _sbrk_r
 .text.__sread  0x0000000000037f44       0x22 /gcc-arm-none-eabi-10-2020-q4-major/bin/../lib/gcc/arm-none-eabi/10.2.1/../../../../arm-none-eabi/lib/thumb/v8-m.main+dp/hard/libg_nano.a(lib_a-stdio.o)
                0x0000000000037f44                __sread
 .text.__swrite
                0x0000000000037f66       0x38 /gcc-arm-none-eabi-10-2020-q4-major/bin/../lib/gcc/arm-none-eabi/10.2.1/../../../../arm-none-eabi/lib/thumb/v8-m.main+dp/hard/libg_nano.a(lib_a-stdio.o)
                0x0000000000037f66                __swrite
 .text.__sseek  0x0000000000037f9e       0x24 /gcc-arm-none-eabi-10-2020-q4-major/bin/../lib/gcc/arm-none-eabi/10.2.1/../../../../arm-none-eabi/lib/thumb/v8-m.main+dp/hard/libg_nano.a(lib_a-stdio.o)
                0x0000000000037f9e                __sseek
 .text.__sclose
                0x0000000000037fc2        0x8 /gcc-arm-none-eabi-10-2020-q4-major/bin/../lib/gcc/arm-none-eabi/10.2.1/../../../../arm-none-eabi/lib/thumb/v8-m.main+dp/hard/libg_nano.a(lib_a-stdio.o)
                0x0000000000037fc2                __sclose
 *fill*         0x0000000000037fca        0x2 
 .text._strtoll_l.constprop.0
                0x0000000000037fcc      0x12c /gcc-arm-none-eabi-10-2020-q4-major/bin/../lib/gcc/arm-none-eabi/10.2.1/../../../../arm-none-eabi/lib/thumb/v8-m.main+dp/hard/libg_nano.a(lib_a-strtoll.o)
 .text.strtoll  0x00000000000380f8       0x14 /gcc-arm-none-eabi-10-2020-q4-major/bin/../lib/gcc/arm-none-eabi/10.2.1/../../../../arm-none-eabi/lib/thumb/v8-m.main+dp/hard/libg_nano.a(lib_a-strtoll.o)
                0x00000000000380f8                strtoll
 .text._strtoull_l.constprop.0
                0x000000000003810c      0x134 /gcc-arm-none-eabi-10-2020-q4-major/bin/../lib/gcc/arm-none-eabi/10.2.1/../../../../arm-none-eabi/lib/thumb/v8-m.main+dp/hard/libg_nano.a(lib_a-strtoull.o)
 .text.strtoull
                0x0000000000038240       0x14 /gcc-arm-none-eabi-10-2020-q4-major/bin/../lib/gcc/arm-none-eabi/10.2.1/../../../../arm-none-eabi/lib/thumb/v8-m.main+dp/hard/libg_nano.a(lib_a-strtoull.o)
                0x0000000000038240                strtoull
 .text.__swbuf_r
                0x0000000000038254       0xa4 /gcc-arm-none-eabi-10-2020-q4-major/bin/../lib/gcc/arm-none-eabi/10.2.1/../../../../arm-none-eabi/lib/thumb/v8-m.main+dp/hard/libg_nano.a(lib_a-wbuf.o)
                0x0000000000038254                __swbuf_r
 .text._write_r
                0x00000000000382f8       0x24 /gcc-arm-none-eabi-10-2020-q4-major/bin/../lib/gcc/arm-none-eabi/10.2.1/../../../../arm-none-eabi/lib/thumb/v8-m.main+dp/hard/libg_nano.a(lib_a-writer.o)
                0x00000000000382f8                _write_r
 .text.__swsetup_r
                0x000000000003831c       0xdc /gcc-arm-none-eabi-10-2020-q4-major/bin/../lib/gcc/arm-none-eabi/10.2.1/../../../../arm-none-eabi/lib/thumb/v8-m.main+dp/hard/libg_nano.a(lib_a-wsetup.o)
                0x000000000003831c                __swsetup_r
 .text.abort    0x00000000000383f8        0xe /gcc-arm-none-eabi-10-2020-q4-major/bin/../lib/gcc/arm-none-eabi/10.2.1/../../../../arm-none-eabi/lib/thumb/v8-m.main+dp/hard/libg_nano.a(lib_a-abort.o)
                0x00000000000383f8                abort
 *fill*         0x0000000000038406        0x2 
 .text._close_r
                0x0000000000038408       0x20 /gcc-arm-none-eabi-10-2020-q4-major/bin/../lib/gcc/arm-none-eabi/10.2.1/../../../../arm-none-eabi/lib/thumb/v8-m.main+dp/hard/libg_nano.a(lib_a-closer.o)
                0x0000000000038408                _close_r
 .text._lseek_r
                0x0000000000038428       0x24 /gcc-arm-none-eabi-10-2020-q4-major/bin/../lib/gcc/arm-none-eabi/10.2.1/../../../../arm-none-eabi/lib/thumb/v8-m.main+dp/hard/libg_nano.a(lib_a-lseekr.o)
                0x0000000000038428                _lseek_r
 .text.__swhatbuf_r
                0x000000000003844c       0x4a /gcc-arm-none-eabi-10-2020-q4-major/bin/../lib/gcc/arm-none-eabi/10.2.1/../../../../arm-none-eabi/lib/thumb/v8-m.main+dp/hard/libg_nano.a(lib_a-makebuf.o)
                0x000000000003844c                __swhatbuf_r
 *fill*         0x0000000000038496        0x2 
 .text.__smakebuf_r
                0x0000000000038498       0x80 /gcc-arm-none-eabi-10-2020-q4-major/bin/../lib/gcc/arm-none-eabi/10.2.1/../../../../arm-none-eabi/lib/thumb/v8-m.main+dp/hard/libg_nano.a(lib_a-makebuf.o)
                0x0000000000038498                __smakebuf_r
 .text.memchr   0x0000000000038518       0x1c /gcc-arm-none-eabi-10-2020-q4-major/bin/../lib/gcc/arm-none-eabi/10.2.1/../../../../arm-none-eabi/lib/thumb/v8-m.main+dp/hard/libg_nano.a(lib_a-memchr-stub.o)
                0x0000000000038518                memchr
 .text.memcpy   0x0000000000038534       0x1a /gcc-arm-none-eabi-10-2020-q4-major/bin/../lib/gcc/arm-none-eabi/10.2.1/../../../../arm-none-eabi/lib/thumb/v8-m.main+dp/hard/libg_nano.a(lib_a-memcpy-stub.o)
                0x0000000000038534                memcpy
 .text.memmove  0x000000000003854e       0x34 /gcc-arm-none-eabi-10-2020-q4-major/bin/../lib/gcc/arm-none-eabi/10.2.1/../../../../arm-none-eabi/lib/thumb/v8-m.main+dp/hard/libg_nano.a(lib_a-memmove.o)
                0x000000000003854e                memmove
 *fill*         0x0000000000038582        0x2 
 .text.__malloc_lock
                0x0000000000038584        0xc /gcc-arm-none-eabi-10-2020-q4-major/bin/../lib/gcc/arm-none-eabi/10.2.1/../../../../arm-none-eabi/lib/thumb/v8-m.main+dp/hard/libg_nano.a(lib_a-mlock.o)
                0x0000000000038584                __malloc_lock
 .text.__malloc_unlock
                0x0000000000038590        0xc /gcc-arm-none-eabi-10-2020-q4-major/bin/../lib/gcc/arm-none-eabi/10.2.1/../../../../arm-none-eabi/lib/thumb/v8-m.main+dp/hard/libg_nano.a(lib_a-mlock.o)
                0x0000000000038590                __malloc_unlock
 .text._read_r  0x000000000003859c       0x24 /gcc-arm-none-eabi-10-2020-q4-major/bin/../lib/gcc/arm-none-eabi/10.2.1/../../../../arm-none-eabi/lib/thumb/v8-m.main+dp/hard/libg_nano.a(lib_a-readr.o)
                0x000000000003859c                _read_r
 .text._raise_r
                0x00000000000385c0       0x50 /gcc-arm-none-eabi-10-2020-q4-major/bin/../lib/gcc/arm-none-eabi/10.2.1/../../../../arm-none-eabi/lib/thumb/v8-m.main+dp/hard/libg_nano.a(lib_a-signal.o)
                0x00000000000385c0                _raise_r
 .text.raise    0x0000000000038610       0x10 /gcc-arm-none-eabi-10-2020-q4-major/bin/../lib/gcc/arm-none-eabi/10.2.1/../../../../arm-none-eabi/lib/thumb/v8-m.main+dp/hard/libg_nano.a(lib_a-signal.o)
                0x0000000000038610                raise
 .text._kill_r  0x0000000000038620       0x24 /gcc-arm-none-eabi-10-2020-q4-major/bin/../lib/gcc/arm-none-eabi/10.2.1/../../../../arm-none-eabi/lib/thumb/v8-m.main+dp/hard/libg_nano.a(lib_a-signalr.o)
                0x0000000000038620                _kill_r
 .text._getpid_r
                0x0000000000038644        0x4 /gcc-arm-none-eabi-10-2020-q4-major/bin/../lib/gcc/arm-none-eabi/10.2.1/../../../../arm-none-eabi/lib/thumb/v8-m.main+dp/hard/libg_nano.a(lib_a-signalr.o)
                0x0000000000038644                _getpid_r
 .text._fstat_r
                0x0000000000038648       0x24 /gcc-arm-none-eabi-10-2020-q4-major/bin/../lib/gcc/arm-none-eabi/10.2.1/../../../../arm-none-eabi/lib/thumb/v8-m.main+dp/hard/libg_nano.a(lib_a-fstatr.o)
                0x0000000000038648                _fstat_r
 .text._isatty_r
                0x000000000003866c       0x20 /gcc-arm-none-eabi-10-2020-q4-major/bin/../lib/gcc/arm-none-eabi/10.2.1/../../../../arm-none-eabi/lib/thumb/v8-m.main+dp/hard/libg_nano.a(lib_a-isattyr.o)
                0x000000000003866c                _isatty_r
 .text._fputs_r